Component: ARM Compiler 5.06 update 6 (build 750) Tool: armlink [4d35ed]

==============================================================================

Section Cross References

    startup_stm32f103xb.o(RESET) refers to startup_stm32f103xb.o(STACK) for __initial_sp
    startup_stm32f103xb.o(RESET) refers to startup_stm32f103xb.o(.text) for Reset_Handler
    startup_stm32f103xb.o(RESET) refers to stm32f1xx_it.o(i.NMI_Handler) for NMI_Handler
    startup_stm32f103xb.o(RESET) refers to stm32f1xx_it.o(i.HardFault_Handler) for HardFault_Handler
    startup_stm32f103xb.o(RESET) refers to stm32f1xx_it.o(i.MemManage_Handler) for MemManage_Handler
    startup_stm32f103xb.o(RESET) refers to stm32f1xx_it.o(i.BusFault_Handler) for BusFault_Handler
    startup_stm32f103xb.o(RESET) refers to stm32f1xx_it.o(i.UsageFault_Handler) for UsageFault_Handler
    startup_stm32f103xb.o(RESET) refers to stm32f1xx_it.o(i.SVC_Handler) for SVC_Handler
    startup_stm32f103xb.o(RESET) refers to stm32f1xx_it.o(i.DebugMon_Handler) for DebugMon_Handler
    startup_stm32f103xb.o(RESET) refers to stm32f1xx_it.o(i.PendSV_Handler) for PendSV_Handler
    startup_stm32f103xb.o(RESET) refers to stm32f1xx_it.o(i.SysTick_Handler) for SysTick_Handler
    startup_stm32f103xb.o(RESET) refers to stm32f1xx_it.o(i.EXTI1_IRQHandler) for EXTI1_IRQHandler
    startup_stm32f103xb.o(RESET) refers to stm32f1xx_it.o(i.EXTI2_IRQHandler) for EXTI2_IRQHandler
    startup_stm32f103xb.o(RESET) refers to stm32f1xx_it.o(i.TIM1_CC_IRQHandler) for TIM1_CC_IRQHandler
    startup_stm32f103xb.o(RESET) refers to stm32f1xx_it.o(i.TIM2_IRQHandler) for TIM2_IRQHandler
    startup_stm32f103xb.o(RESET) refers to stm32f1xx_it.o(i.EXTI15_10_IRQHandler) for EXTI15_10_IRQHandler
    startup_stm32f103xb.o(.text) refers to system_stm32f1xx.o(i.SystemInit) for SystemInit
    startup_stm32f103xb.o(.text) refers to entry.o(.ARM.Collect$$$$00000000) for __main
    main.o(i.HAL_GPIO_EXTI_Callback) refers to stm32f1xx_hal_gpio.o(i.HAL_GPIO_ReadPin) for HAL_GPIO_ReadPin
    main.o(i.HAL_GPIO_EXTI_Callback) refers to stm32f1xx_hal_tim.o(i.HAL_TIM_OC_Start_IT) for HAL_TIM_OC_Start_IT
    main.o(i.HAL_GPIO_EXTI_Callback) refers to stm32f1xx_hal_gpio.o(i.HAL_GPIO_WritePin) for HAL_GPIO_WritePin
    main.o(i.HAL_GPIO_EXTI_Callback) refers to main.o(.data) for .data
    main.o(i.HAL_GPIO_EXTI_Callback) refers to main.o(.bss) for .bss
    main.o(i.HAL_TIM_OC_DelayElapsedCallback) refers to stm32f1xx_hal_gpio.o(i.HAL_GPIO_WritePin) for HAL_GPIO_WritePin
    main.o(i.HAL_TIM_PeriodElapsedCallback) refers to main.o(.data) for .data
    main.o(i.MX_GPIO_Init) refers to stm32f1xx_hal_gpio.o(i.HAL_GPIO_WritePin) for HAL_GPIO_WritePin
    main.o(i.MX_GPIO_Init) refers to stm32f1xx_hal_gpio.o(i.HAL_GPIO_Init) for HAL_GPIO_Init
    main.o(i.MX_GPIO_Init) refers to stm32f1xx_hal_cortex.o(i.HAL_NVIC_SetPriority) for HAL_NVIC_SetPriority
    main.o(i.MX_GPIO_Init) refers to stm32f1xx_hal_cortex.o(i.HAL_NVIC_EnableIRQ) for HAL_NVIC_EnableIRQ
    main.o(i.MX_TIM1_Init) refers to memseta.o(.text) for __aeabi_memclr4
    main.o(i.MX_TIM1_Init) refers to stm32f1xx_hal_tim.o(i.HAL_TIM_Base_Init) for HAL_TIM_Base_Init
    main.o(i.MX_TIM1_Init) refers to stm32f1xx_hal_tim.o(i.HAL_TIM_ConfigClockSource) for HAL_TIM_ConfigClockSource
    main.o(i.MX_TIM1_Init) refers to stm32f1xx_hal_tim.o(i.HAL_TIM_OC_Init) for HAL_TIM_OC_Init
    main.o(i.MX_TIM1_Init) refers to stm32f1xx_hal_tim.o(i.HAL_TIM_OnePulse_Init) for HAL_TIM_OnePulse_Init
    main.o(i.MX_TIM1_Init) refers to stm32f1xx_hal_tim_ex.o(i.HAL_TIMEx_MasterConfigSynchronization) for HAL_TIMEx_MasterConfigSynchronization
    main.o(i.MX_TIM1_Init) refers to stm32f1xx_hal_tim.o(i.HAL_TIM_OC_ConfigChannel) for HAL_TIM_OC_ConfigChannel
    main.o(i.MX_TIM1_Init) refers to stm32f1xx_hal_tim_ex.o(i.HAL_TIMEx_ConfigBreakDeadTime) for HAL_TIMEx_ConfigBreakDeadTime
    main.o(i.MX_TIM1_Init) refers to main.o(.bss) for .bss
    main.o(i.MX_TIM2_Init) refers to stm32f1xx_hal_tim.o(i.HAL_TIM_Base_Init) for HAL_TIM_Base_Init
    main.o(i.MX_TIM2_Init) refers to stm32f1xx_hal_tim.o(i.HAL_TIM_ConfigClockSource) for HAL_TIM_ConfigClockSource
    main.o(i.MX_TIM2_Init) refers to stm32f1xx_hal_tim_ex.o(i.HAL_TIMEx_MasterConfigSynchronization) for HAL_TIMEx_MasterConfigSynchronization
    main.o(i.MX_TIM2_Init) refers to main.o(.bss) for .bss
    main.o(i.SystemClock_Config) refers to memseta.o(.text) for __aeabi_memclr4
    main.o(i.SystemClock_Config) refers to stm32f1xx_hal_rcc.o(i.HAL_RCC_OscConfig) for HAL_RCC_OscConfig
    main.o(i.SystemClock_Config) refers to stm32f1xx_hal_rcc.o(i.HAL_RCC_ClockConfig) for HAL_RCC_ClockConfig
    main.o(i.display_update) refers to main.o(i.itoa) for itoa
    main.o(i.display_update) refers to ssd1306.o(i.ssd1306_Fill) for ssd1306_Fill
    main.o(i.display_update) refers to ssd1306.o(i.ssd1306_DrawPixel) for ssd1306_DrawPixel
    main.o(i.display_update) refers to ssd1306.o(i.ssd1306_SetCursor) for ssd1306_SetCursor
[...]
    stm32f1xx_hal_tim.o(i.HAL_TIM_SlaveConfigSynchro) refers to stm32f1xx_hal_tim.o(i.TIM_SlaveTimer_SetConfig) for TIM_SlaveTimer_SetConfig
    stm32f1xx_hal_tim.o(i.HAL_TIM_SlaveConfigSynchro_IT) refers to stm32f1xx_hal_tim.o(i.TIM_SlaveTimer_SetConfig) for TIM_SlaveTimer_SetConfig
    stm32f1xx_hal_tim.o(i.TIM_DMACaptureCplt) refers to stm32f1xx_hal_tim.o(i.HAL_TIM_IC_CaptureCallback) for HAL_TIM_IC_CaptureCallback
    stm32f1xx_hal_tim.o(i.TIM_DMACaptureHalfCplt) refers to stm32f1xx_hal_tim.o(i.HAL_TIM_IC_CaptureHalfCpltCallback) for HAL_TIM_IC_CaptureHalfCpltCallback
    stm32f1xx_hal_tim.o(i.TIM_DMADelayPulseCplt) refers to stm32f1xx_hal_tim.o(i.HAL_TIM_PWM_PulseFinishedCallback) for HAL_TIM_PWM_PulseFinishedCallback
    stm32f1xx_hal_tim.o(i.TIM_DMADelayPulseHalfCplt) refers to stm32f1xx_hal_tim.o(i.HAL_TIM_PWM_PulseFinishedHalfCpltCallback) for HAL_TIM_PWM_PulseFinishedHalfCpltCallback
    stm32f1xx_hal_tim.o(i.TIM_DMAError) refers to stm32f1xx_hal_tim.o(i.HAL_TIM_ErrorCallback) for HAL_TIM_ErrorCallback
    stm32f1xx_hal_tim.o(i.TIM_DMAPeriodElapsedCplt) refers to main.o(i.HAL_TIM_PeriodElapsedCallback) for HAL_TIM_PeriodElapsedCallback
    stm32f1xx_hal_tim.o(i.TIM_DMAPeriodElapsedHalfCplt) refers to stm32f1xx_hal_tim.o(i.HAL_TIM_PeriodElapsedHalfCpltCallback) for HAL_TIM_PeriodElapsedHalfCpltCallback
    stm32f1xx_hal_tim.o(i.TIM_DMATriggerCplt) refers to stm32f1xx_hal_tim.o(i.HAL_TIM_TriggerCallback) for HAL_TIM_TriggerCallback
    stm32f1xx_hal_tim.o(i.TIM_DMATriggerHalfCplt) refers to stm32f1xx_hal_tim.o(i.HAL_TIM_TriggerHalfCpltCallback) for HAL_TIM_TriggerHalfCpltCallback
    stm32f1xx_hal_tim.o(i.TIM_SlaveTimer_SetConfig) refers to stm32f1xx_hal_tim.o(i.TIM_ETR_SetConfig) for TIM_ETR_SetConfig
    stm32f1xx_hal_tim.o(i.TIM_SlaveTimer_SetConfig) refers to stm32f1xx_hal_tim.o(i.TIM_TI1_ConfigInputStage) for TIM_TI1_ConfigInputStage
    stm32f1xx_hal_tim.o(i.TIM_SlaveTimer_SetConfig) refers to stm32f1xx_hal_tim.o(i.TIM_TI2_ConfigInputStage) for TIM_TI2_ConfigInputStage
    stm32f1xx_hal_tim_ex.o(i.HAL_TIMEx_ConfigCommutEvent_DMA) refers to stm32f1xx_hal_tim_ex.o(i.TIMEx_DMACommutationCplt) for TIMEx_DMACommutationCplt
    stm32f1xx_hal_tim_ex.o(i.HAL_TIMEx_ConfigCommutEvent_DMA) refers to stm32f1xx_hal_tim_ex.o(i.TIMEx_DMACommutationHalfCplt) for TIMEx_DMACommutationHalfCplt
    stm32f1xx_hal_tim_ex.o(i.HAL_TIMEx_ConfigCommutEvent_DMA) refers to stm32f1xx_hal_tim.o(i.TIM_DMAError) for TIM_DMAError
    stm32f1xx_hal_tim_ex.o(i.HAL_TIMEx_HallSensor_DeInit) refers to stm32f1xx_hal_tim_ex.o(i.HAL_TIMEx_HallSensor_MspDeInit) for HAL_TIMEx_HallSensor_MspDeInit
    stm32f1xx_hal_tim_ex.o(i.HAL_TIMEx_HallSensor_Init) refers to stm32f1xx_hal_tim_ex.o(i.HAL_TIMEx_HallSensor_MspInit) for HAL_TIMEx_HallSensor_MspInit
    stm32f1xx_hal_tim_ex.o(i.HAL_TIMEx_HallSensor_Init) refers to stm32f1xx_hal_tim.o(i.TIM_Base_SetConfig) for TIM_Base_SetConfig
    stm32f1xx_hal_tim_ex.o(i.HAL_TIMEx_HallSensor_Init) refers to stm32f1xx_hal_tim.o(i.TIM_TI1_SetConfig) for TIM_TI1_SetConfig
    stm32f1xx_hal_tim_ex.o(i.HAL_TIMEx_HallSensor_Init) refers to stm32f1xx_hal_tim.o(i.TIM_OC2_SetConfig) for TIM_OC2_SetConfig
    stm32f1xx_hal_tim_ex.o(i.HAL_TIMEx_HallSensor_Start) refers to stm32f1xx_hal_tim.o(i.TIM_CCxChannelCmd) for TIM_CCxChannelCmd
    stm32f1xx_hal_tim_ex.o(i.HAL_TIMEx_HallSensor_Start_DMA) refers to stm32f1xx_hal_tim.o(i.TIM_CCxChannelCmd) for TIM_CCxChannelCmd
    stm32f1xx_hal_tim_ex.o(i.HAL_TIMEx_HallSensor_Start_DMA) refers to stm32f1xx_hal_dma.o(i.HAL_DMA_Start_IT) for HAL_DMA_Start_IT
    stm32f1xx_hal_tim_ex.o(i.HAL_TIMEx_HallSensor_Start_DMA) refers to stm32f1xx_hal_tim.o(i.TIM_DMACaptureCplt) for TIM_DMACaptureCplt
    stm32f1xx_hal_tim_ex.o(i.HAL_TIMEx_HallSensor_Start_DMA) refers to stm32f1xx_hal_tim.o(i.TIM_DMACaptureHalfCplt) for TIM_DMACaptureHalfCplt
    stm32f1xx_hal_tim_ex.o(i.HAL_TIMEx_HallSensor_Start_DMA) refers to stm32f1xx_hal_tim.o(i.TIM_DMAError) for TIM_DMAError
    stm32f1xx_hal_tim_ex.o(i.HAL_TIMEx_HallSensor_Start_IT) refers to stm32f1xx_hal_tim.o(i.TIM_CCxChannelCmd) for TIM_CCxChannelCmd
    stm32f1xx_hal_tim_ex.o(i.HAL_TIMEx_HallSensor_Stop) refers to stm32f1xx_hal_tim.o(i.TIM_CCxChannelCmd) for TIM_CCxChannelCmd
    stm32f1xx_hal_tim_ex.o(i.HAL_TIMEx_HallSensor_Stop_DMA) refers to stm32f1xx_hal_tim.o(i.TIM_CCxChannelCmd) for TIM_CCxChannelCmd
    stm32f1xx_hal_tim_ex.o(i.HAL_TIMEx_HallSensor_Stop_DMA) refers to stm32f1xx_hal_dma.o(i.HAL_DMA_Abort_IT) for HAL_DMA_Abort_IT
    stm32f1xx_hal_tim_ex.o(i.HAL_TIMEx_HallSensor_Stop_IT) refers to stm32f1xx_hal_tim.o(i.TIM_CCxChannelCmd) for TIM_CCxChannelCmd
    stm32f1xx_hal_tim_ex.o(i.HAL_TIMEx_OCN_Start) refers to stm32f1xx_hal_tim_ex.o(i.TIM_CCxNChannelCmd) for TIM_CCxNChannelCmd
    stm32f1xx_hal_tim_ex.o(i.HAL_TIMEx_OCN_Start_DMA) refers to stm32f1xx_hal_dma.o(i.HAL_DMA_Start_IT) for HAL_DMA_Start_IT
    stm32f1xx_hal_tim_ex.o(i.HAL_TIMEx_OCN_Start_DMA) refers to stm32f1xx_hal_tim_ex.o(i.TIM_CCxNChannelCmd) for TIM_CCxNChannelCmd
    stm32f1xx_hal_tim_ex.o(i.HAL_TIMEx_OCN_Start_DMA) refers to stm32f1xx_hal_tim.o(i.TIM_DMADelayPulseCplt) for TIM_DMADelayPulseCplt
    stm32f1xx_hal_tim_ex.o(i.HAL_TIMEx_OCN_Start_DMA) refers to stm32f1xx_hal_tim.o(i.TIM_DMADelayPulseHalfCplt) for TIM_DMADelayPulseHalfCplt
    stm32f1xx_hal_tim_ex.o(i.HAL_TIMEx_OCN_Start_DMA) refers to stm32f1xx_hal_tim.o(i.TIM_DMAError) for TIM_DMAError
    stm32f1xx_hal_tim_ex.o(i.HAL_TIMEx_OCN_Start_IT) refers to stm32f1xx_hal_tim_ex.o(i.TIM_CCxNChannelCmd) for TIM_CCxNChannelCmd
    stm32f1xx_hal_tim_ex.o(i.HAL_TIMEx_OCN_Stop) refers to stm32f1xx_hal_tim_ex.o(i.TIM_CCxNChannelCmd) for TIM_CCxNChannelCmd
    stm32f1xx_hal_tim_ex.o(i.HAL_TIMEx_OCN_Stop_DMA) refers to stm32f1xx_hal_dma.o(i.HAL_DMA_Abort_IT) for HAL_DMA_Abort_IT
    stm32f1xx_hal_tim_ex.o(i.HAL_TIMEx_OCN_Stop_DMA) refers to stm32f1xx_hal_tim_ex.o(i.TIM_CCxNChannelCmd) for TIM_CCxNChannelCmd
    stm32f1xx_hal_tim_ex.o(i.HAL_TIMEx_OCN_Stop_IT) refers to stm32f1xx_hal_tim_ex.o(i.TIM_CCxNChannelCmd) for TIM_CCxNChannelCmd
    stm32f1xx_hal_tim_ex.o(i.HAL_TIMEx_OnePulseN_Start) refers to stm32f1xx_hal_tim_ex.o(i.TIM_CCxNChannelCmd) for TIM_CCxNChannelCmd
    stm32f1xx_hal_tim_ex.o(i.HAL_TIMEx_OnePulseN_Start_IT) refers to stm32f1xx_hal_tim_ex.o(i.TIM_CCxNChannelCmd) for TIM_CCxNChannelCmd
    stm32f1xx_hal_tim_ex.o(i.HAL_TIMEx_OnePulseN_Stop) refers to stm32f1xx_hal_tim_ex.o(i.TIM_CCxNChannelCmd) for TIM_CCxNChannelCmd
    stm32f1xx_hal_tim_ex.o(i.HAL_TIMEx_OnePulseN_Stop_IT) refers to stm32f1xx_hal_tim_ex.o(i.TIM_CCxNChannelCmd) for TIM_CCxNChannelCmd
    stm32f1xx_hal_tim_ex.o(i.HAL_TIMEx_PWMN_Start) refers to stm32f1xx_hal_tim_ex.o(i.TIM_CCxNChannelCmd) for TIM_CCxNChannelCmd
    stm32f1xx_hal_tim_ex.o(i.HAL_TIMEx_PWMN_Start_DMA) refers to stm32f1xx_hal_dma.o(i.HAL_DMA_Start_IT) for HAL_DMA_Start_IT
    stm32f1xx_hal_tim_ex.o(i.HAL_TIMEx_PWMN_Start_DMA) refers to stm32f1xx_hal_tim_ex.o(i.TIM_CCxNChannelCmd) for TIM_CCxNChannelCmd
    stm32f1xx_hal_tim_ex.o(i.HAL_TIMEx_PWMN_Start_DMA) refers to stm32f1xx_hal_tim.o(i.TIM_DMADelayPulseCplt) for TIM_DMADelayPulseCplt
    stm32f1xx_hal_tim_ex.o(i.HAL_TIMEx_PWMN_Start_DMA) refers to stm32f1xx_hal_tim.o(i.TIM_DMADelayPulseHalfCplt) for TIM_DMADelayPulseHalfCplt
    stm32f1xx_hal_tim_ex.o(i.HAL_TIMEx_PWMN_Start_DMA) refers to stm32f1xx_hal_tim.o(i.TIM_DMAError) for TIM_DMAError
    stm32f1xx_hal_tim_ex.o(i.HAL_TIMEx_PWMN_Start_IT) refers to stm32f1xx_hal_tim_ex.o(i.TIM_CCxNChannelCmd) for TIM_CCxNChannelCmd
    stm32f1xx_hal_tim_ex.o(i.HAL_TIMEx_PWMN_Stop) refers to stm32f1xx_hal_tim_ex.o(i.TIM_CCxNChannelCmd) for TIM_CCxNChannelCmd
    stm32f1xx_hal_tim_ex.o(i.HAL_TIMEx_PWMN_Stop_DMA) refers to stm32f1xx_hal_dma.o(i.HAL_DMA_Abort_IT) for HAL_DMA_Abort_IT
    stm32f1xx_hal_tim_ex.o(i.HAL_TIMEx_PWMN_Stop_DMA) refers to stm32f1xx_hal_tim_ex.o(i.TIM_CCxNChannelCmd) for TIM_CCxNChannelCmd
    stm32f1xx_hal_tim_ex.o(i.HAL_TIMEx_PWMN_Stop_IT) refers to stm32f1xx_hal_tim_ex.o(i.TIM_CCxNChannelCmd) for TIM_CCxNChannelCmd
    stm32f1xx_hal_tim_ex.o(i.TIMEx_DMACommutationCplt) refers to stm32f1xx_hal_tim_ex.o(i.HAL_TIMEx_CommutCallback) for HAL_TIMEx_CommutCallback
    stm32f1xx_hal_tim_ex.o(i.TIMEx_DMACommutationHalfCplt) refers to stm32f1xx_hal_tim_ex.o(i.HAL_TIMEx_CommutHalfCpltCallback) for HAL_TIMEx_CommutHalfCpltCallback
    system_stm32f1xx.o(i.SystemCoreClockUpdate) refers to system_stm32f1xx.o(.data) for .data
    system_stm32f1xx.o(i.SystemCoreClockUpdate) refers to system_stm32f1xx.o(.constdata) for .constdata
    entry.o(.ARM.Collect$$$$00000000) refers (Special) to entry10a.o(.ARM.Collect$$$$0000000D) for __rt_final_cpp
    entry.o(.ARM.Collect$$$$00000000) refers (Special) to entry11a.o(.ARM.Collect$$$$0000000F) for __rt_final_exit
    entry.o(.ARM.Collect$$$$00000000) refers (Special) to entry7b.o(.ARM.Collect$$$$00000008) for _main_clock
    entry.o(.ARM.Collect$$$$00000000) refers (Special) to entry8b.o(.ARM.Collect$$$$0000000A) for _main_cpp_init
    entry.o(.ARM.Collect$$$$00000000) refers (Special) to entry9a.o(.ARM.Collect$$$$0000000B) for _main_init
    entry.o(.ARM.Collect$$$$00000000) refers (Special) to entry5.o(.ARM.Collect$$$$00000004) for _main_scatterload
    entry.o(.ARM.Collect$$$$00000000) refers (Special) to entry2.o(.ARM.Collect$$$$00000001) for _main_stk
    entry2.o(.ARM.Collect$$$$00000001) refers to entry2.o(.ARM.Collect$$$$00002712) for __lit__00000000
    entry2.o(.ARM.Collect$$$$00002712) refers to startup_stm32f103xb.o(STACK) for __initial_sp
    entry2.o(__vectab_stack_and_reset_area) refers to startup_stm32f103xb.o(STACK) for __initial_sp
    entry2.o(__vectab_stack_and_reset_area) refers to entry.o(.ARM.Collect$$$$00000000) for __main
    entry5.o(.ARM.Collect$$$$00000004) refers to init.o(.text) for __scatterload
    entry9a.o(.ARM.Collect$$$$0000000B) refers to main.o(i.main) for main
    entry9b.o(.ARM.Collect$$$$0000000C) refers to main.o(i.main) for main
    init.o(.text) refers to entry5.o(.ARM.Collect$$$$00000004) for __main_after_scatterload


==============================================================================

Removing Unused input sections from the image.

    Removing startup_stm32f103xb.o(HEAP), (512 bytes).
    Removing main.o(.rev16_text), (4 bytes).
    Removing main.o(.revsh_text), (4 bytes).
    Removing main.o(.rrx_text), (6 bytes).
    Removing main.o(i.Error_Handler), (2 bytes).
    Removing main.o(.data), (4 bytes).
    Removing stm32f1xx_it.o(.rev16_text), (4 bytes).
    Removing stm32f1xx_it.o(.revsh_text), (4 bytes).
    Removing stm32f1xx_it.o(.rrx_text), (6 bytes).
    Removing stm32f1xx_hal_msp.o(.rev16_text), (4 bytes).
    Removing stm32f1xx_hal_msp.o(.revsh_text), (4 bytes).
    Removing stm32f1xx_hal_msp.o(.rrx_text), (6 bytes).
    Removing stm32f1xx_hal_msp.o(i.HAL_I2C_MspDeInit), (44 bytes).
    Removing stm32f1xx_hal_msp.o(i.HAL_TIM_Base_MspDeInit), (52 bytes).
    Removing fonts.o(.rev16_text), (4 bytes).
    Removing fonts.o(.revsh_text), (4 bytes).
    Removing fonts.o(.rrx_text), (6 bytes).
    Removing fonts.o(.constdata), (3420 bytes).
    Removing fonts.o(.constdata), (4940 bytes).
    Removing fonts.o(.data), (8 bytes).
    Removing fonts.o(.data), (8 bytes).
    Removing ssd1306.o(.rev16_text), (4 bytes).
    Removing ssd1306.o(.revsh_text), (4 bytes).
    Removing ssd1306.o(.rrx_text), (6 bytes).
    Removing stm32f1xx_hal_gpio_ex.o(.rev16_text), (4 bytes).
    Removing stm32f1xx_hal_gpio_ex.o(.revsh_text), (4 bytes).
    Removing stm32f1xx_hal_gpio_ex.o(.rrx_text), (6 bytes).
    Removing stm32f1xx_hal_gpio_ex.o(i.HAL_GPIOEx_ConfigEventout), (20 bytes).
    Removing stm32f1xx_hal_gpio_ex.o(i.HAL_GPIOEx_DisableEventout), (16 bytes).
    Removing stm32f1xx_hal_gpio_ex.o(i.HAL_GPIOEx_EnableEventout), (16 bytes).
    Removing stm32f1xx_hal_i2c.o(.rev16_text), (4 bytes).
    Removing stm32f1xx_hal_i2c.o(.revsh_text), (4 bytes).
    Removing stm32f1xx_hal_i2c.o(.rrx_text), (6 bytes).
    Removing stm32f1xx_hal_i2c.o(i.HAL_I2C_AbortCpltCallback), (2 bytes).
    Removing stm32f1xx_hal_i2c.o(i.HAL_I2C_AddrCallback), (2 bytes).
    Removing stm32f1xx_hal_i2c.o(i.HAL_I2C_DeInit), (50 bytes).
    Removing stm32f1xx_hal_i2c.o(i.HAL_I2C_DisableListen_IT), (68 bytes).
    Removing stm32f1xx_hal_i2c.o(i.HAL_I2C_ER_IRQHandler), (196 bytes).
    Removing stm32f1xx_hal_i2c.o(i.HAL_I2C_EV_IRQHandler), (602 bytes).
    Removing stm32f1xx_hal_i2c.o(i.HAL_I2C_EnableListen_IT), (58 bytes).
    Removing stm32f1xx_hal_i2c.o(i.HAL_I2C_ErrorCallback), (2 bytes).
    Removing stm32f1xx_hal_i2c.o(i.HAL_I2C_GetError), (4 bytes).
    Removing stm32f1xx_hal_i2c.o(i.HAL_I2C_GetMode), (6 bytes).
    Removing stm32f1xx_hal_i2c.o(i.HAL_I2C_GetState), (6 bytes).
    Removing stm32f1xx_hal_i2c.o(i.HAL_I2C_IsDeviceReady), (344 bytes).
    Removing stm32f1xx_hal_i2c.o(i.HAL_I2C_ListenCpltCallback), (2 bytes).
    Removing stm32f1xx_hal_i2c.o(i.HAL_I2C_MasterRxCpltCallback), (2 bytes).
    Removing stm32f1xx_hal_i2c.o(i.HAL_I2C_MasterTxCpltCallback), (2 bytes).
    Removing stm32f1xx_hal_i2c.o(i.HAL_I2C_Master_Abort_IT), (86 bytes).
    Removing stm32f1xx_hal_i2c.o(i.HAL_I2C_Master_Receive), (524 bytes).
    Removing stm32f1xx_hal_i2c.o(i.HAL_I2C_Master_Receive_DMA), (320 bytes).
    Removing stm32f1xx_hal_i2c.o(i.HAL_I2C_Master_Receive_IT), (200 bytes).
    Removing stm32f1xx_hal_i2c.o(i.HAL_I2C_Master_Seq_Receive_DMA), (480 bytes).
    Removing stm32f1xx_hal_i2c.o(i.HAL_I2C_Master_Seq_Receive_IT), (300 bytes).
    Removing stm32f1xx_hal_i2c.o(i.HAL_I2C_Master_Seq_Transmit_DMA), (400 bytes).
    Removing stm32f1xx_hal_i2c.o(i.HAL_I2C_Master_Seq_Transmit_IT), (212 bytes).
    Removing stm32f1xx_hal_i2c.o(i.HAL_I2C_Master_Transmit), (300 bytes).
    Removing stm32f1xx_hal_i2c.o(i.HAL_I2C_Master_Transmit_DMA), (320 bytes).
    Removing stm32f1xx_hal_i2c.o(i.HAL_I2C_Master_Transmit_IT), (188 bytes).
    Removing stm32f1xx_hal_i2c.o(i.HAL_I2C_MemRxCpltCallback), (2 bytes).
    Removing stm32f1xx_hal_i2c.o(i.HAL_I2C_MemTxCpltCallback), (2 bytes).
    Removing stm32f1xx_hal_i2c.o(i.HAL_I2C_Mem_Read), (544 bytes).
    Removing stm32f1xx_hal_i2c.o(i.HAL_I2C_Mem_Read_DMA), (392 bytes).
    Removing stm32f1xx_hal_i2c.o(i.HAL_I2C_Mem_Read_IT), (224 bytes).
    Removing stm32f1xx_hal_i2c.o(i.HAL_I2C_Mem_Write_DMA), (336 bytes).
    Removing stm32f1xx_hal_i2c.o(i.HAL_I2C_Mem_Write_IT), (212 bytes).
    Removing stm32f1xx_hal_i2c.o(i.HAL_I2C_MspDeInit), (2 bytes).
    Removing stm32f1xx_hal_i2c.o(i.HAL_I2C_MspInit), (2 bytes).
    Removing stm32f1xx_hal_i2c.o(i.HAL_I2C_SlaveRxCpltCallback), (2 bytes).
    Removing stm32f1xx_hal_i2c.o(i.HAL_I2C_SlaveTxCpltCallback), (2 bytes).
    Removing stm32f1xx_hal_i2c.o(i.HAL_I2C_Slave_Receive), (364 bytes).
    Removing stm32f1xx_hal_i2c.o(i.HAL_I2C_Slave_Receive_DMA), (204 bytes).
    Removing stm32f1xx_hal_i2c.o(i.HAL_I2C_Slave_Receive_IT), (124 bytes).
    Removing stm32f1xx_hal_i2c.o(i.HAL_I2C_Slave_Seq_Receive_DMA), (328 bytes).
    Removing stm32f1xx_hal_i2c.o(i.HAL_I2C_Slave_Seq_Receive_IT), (116 bytes).
    Removing stm32f1xx_hal_i2c.o(i.HAL_I2C_Slave_Seq_Transmit_DMA), (328 bytes).
    Removing stm32f1xx_hal_i2c.o(i.HAL_I2C_Slave_Seq_Transmit_IT), (116 bytes).
    Removing stm32f1xx_hal_i2c.o(i.HAL_I2C_Slave_Transmit), (348 bytes).
    Removing stm32f1xx_hal_i2c.o(i.HAL_I2C_Slave_Transmit_DMA), (204 bytes).
    Removing stm32f1xx_hal_i2c.o(i.HAL_I2C_Slave_Transmit_IT), (124 bytes).
    Removing stm32f1xx_hal_i2c.o(i.I2C_DMAAbort), (126 bytes).
    Removing stm32f1xx_hal_i2c.o(i.I2C_DMAError), (50 bytes).
    Removing stm32f1xx_hal_i2c.o(i.I2C_DMAXferCplt), (262 bytes).
    Removing stm32f1xx_hal_i2c.o(i.I2C_ITError), (320 bytes).
    Removing stm32f1xx_hal_i2c.o(i.I2C_MasterReceive_BTF), (210 bytes).
    Removing stm32f1xx_hal_i2c.o(i.I2C_MasterReceive_RXNE), (146 bytes).
    Removing stm32f1xx_hal_i2c.o(i.I2C_MasterRequestRead), (212 bytes).
    Removing stm32f1xx_hal_i2c.o(i.I2C_MasterRequestWrite), (136 bytes).
    Removing stm32f1xx_hal_i2c.o(i.I2C_MasterTransmit_BTF), (130 bytes).
    Removing stm32f1xx_hal_i2c.o(i.I2C_MasterTransmit_TXE), (260 bytes).
    Removing stm32f1xx_hal_i2c.o(i.I2C_Master_ADDR), (344 bytes).
    Removing stm32f1xx_hal_i2c.o(i.I2C_Master_SB), (142 bytes).
    Removing stm32f1xx_hal_i2c.o(i.I2C_RequestMemoryRead), (230 bytes).
    Removing stm32f1xx_hal_i2c.o(i.I2C_Slave_AF), (132 bytes).
    Removing stm32f1xx_hal_i2c.o(i.I2C_Slave_STOPF), (348 bytes).
    Removing stm32f1xx_hal_i2c.o(i.I2C_WaitOnRXNEFlagUntilTimeout), (102 bytes).
    Removing stm32f1xx_hal.o(.rev16_text), (4 bytes).
    Removing stm32f1xx_hal.o(.revsh_text), (4 bytes).
    Removing stm32f1xx_hal.o(.rrx_text), (6 bytes).
    Removing stm32f1xx_hal.o(i.HAL_DBGMCU_DisableDBGSleepMode), (16 bytes).
    Removing stm32f1xx_hal.o(i.HAL_DBGMCU_DisableDBGStandbyMode), (16 bytes).
    Removing stm32f1xx_hal.o(i.HAL_DBGMCU_DisableDBGStopMode), (16 bytes).
    Removing stm32f1xx_hal.o(i.HAL_DBGMCU_EnableDBGSleepMode), (16 bytes).
    Removing stm32f1xx_hal.o(i.HAL_DBGMCU_EnableDBGStandbyMode), (16 bytes).
    Removing stm32f1xx_hal.o(i.HAL_DBGMCU_EnableDBGStopMode), (16 bytes).
    Removing stm32f1xx_hal.o(i.HAL_DeInit), (32 bytes).
    Removing stm32f1xx_hal.o(i.HAL_GetDEVID), (16 bytes).
    Removing stm32f1xx_hal.o(i.HAL_GetHalVersion), (8 bytes).
    Removing stm32f1xx_hal.o(i.HAL_GetREVID), (12 bytes).
    Removing stm32f1xx_hal.o(i.HAL_GetTickFreq), (12 bytes).
    Removing stm32f1xx_hal.o(i.HAL_GetTickPrio), (12 bytes).
    Removing stm32f1xx_hal.o(i.HAL_GetUIDw0), (12 bytes).
    Removing stm32f1xx_hal.o(i.HAL_GetUIDw1), (12 bytes).
    Removing stm32f1xx_hal.o(i.HAL_GetUIDw2), (12 bytes).
    Removing stm32f1xx_hal.o(i.HAL_MspDeInit), (2 bytes).
    Removing stm32f1xx_hal.o(i.HAL_MspInit), (2 bytes).
    Removing stm32f1xx_hal.o(i.HAL_ResumeTick), (14 bytes).
    Removing stm32f1xx_hal.o(i.HAL_SetTickFreq), (32 bytes).
    Removing stm32f1xx_hal.o(i.HAL_SuspendTick), (14 bytes).
    Removing stm32f1xx_hal_rcc.o(.rev16_text), (4 bytes).
    Removing stm32f1xx_hal_rcc.o(.revsh_text), (4 bytes).
    Removing stm32f1xx_hal_rcc.o(.rrx_text), (6 bytes).
    Removing stm32f1xx_hal_rcc.o(i.HAL_RCC_CSSCallback), (2 bytes).
    Removing stm32f1xx_hal_rcc.o(i.HAL_RCC_DeInit), (220 bytes).
    Removing stm32f1xx_hal_rcc.o(i.HAL_RCC_DisableCSS), (12 bytes).
    Removing stm32f1xx_hal_rcc.o(i.HAL_RCC_EnableCSS), (12 bytes).
    Removing stm32f1xx_hal_rcc.o(i.HAL_RCC_GetClockConfig), (64 bytes).
    Removing stm32f1xx_hal_rcc.o(i.HAL_RCC_GetHCLKFreq), (12 bytes).
    Removing stm32f1xx_hal_rcc.o(i.HAL_RCC_GetOscConfig), (144 bytes).
    Removing stm32f1xx_hal_rcc.o(i.HAL_RCC_GetPCLK2Freq), (32 bytes).
    Removing stm32f1xx_hal_rcc.o(i.HAL_RCC_MCOConfig), (72 bytes).
    Removing stm32f1xx_hal_rcc.o(i.HAL_RCC_NMI_IRQHandler), (24 bytes).
    Removing stm32f1xx_hal_rcc_ex.o(.rev16_text), (4 bytes).
    Removing stm32f1xx_hal_rcc_ex.o(.revsh_text), (4 bytes).
    Removing stm32f1xx_hal_rcc_ex.o(.rrx_text), (6 bytes).
    Removing stm32f1xx_hal_rcc_ex.o(i.HAL_RCCEx_GetPeriphCLKConfig), (44 bytes).
    Removing stm32f1xx_hal_rcc_ex.o(i.HAL_RCCEx_GetPeriphCLKFreq), (200 bytes).
    Removing stm32f1xx_hal_rcc_ex.o(i.HAL_RCCEx_PeriphCLKConfig), (236 bytes).
    Removing stm32f1xx_hal_gpio.o(.rev16_text), (4 bytes).
    Removing stm32f1xx_hal_gpio.o(.revsh_text), (4 bytes).
    Removing stm32f1xx_hal_gpio.o(.rrx_text), (6 bytes).
    Removing stm32f1xx_hal_gpio.o(i.HAL_GPIO_DeInit), (252 bytes).
    Removing stm32f1xx_hal_gpio.o(i.HAL_GPIO_EXTI_Callback), (2 bytes).
    Removing stm32f1xx_hal_gpio.o(i.HAL_GPIO_LockPin), (34 bytes).
    Removing stm32f1xx_hal_gpio.o(i.HAL_GPIO_TogglePin), (14 bytes).
    Removing stm32f1xx_hal_dma.o(.rev16_text), (4 bytes).
    Removing stm32f1xx_hal_dma.o(.revsh_text), (4 bytes).
    Removing stm32f1xx_hal_dma.o(.rrx_text), (6 bytes).
    Removing stm32f1xx_hal_dma.o(i.DMA_SetConfig), (42 bytes).
    Removing stm32f1xx_hal_dma.o(i.HAL_DMA_Abort), (70 bytes).
    Removing stm32f1xx_hal_dma.o(i.HAL_DMA_Abort_IT), (152 bytes).
    Removing stm32f1xx_hal_dma.o(i.HAL_DMA_DeInit), (92 bytes).
    Removing stm32f1xx_hal_dma.o(i.HAL_DMA_GetError), (4 bytes).
    Removing stm32f1xx_hal_dma.o(i.HAL_DMA_GetState), (6 bytes).
    Removing stm32f1xx_hal_dma.o(i.HAL_DMA_IRQHandler), (340 bytes).
    Removing stm32f1xx_hal_dma.o(i.HAL_DMA_Init), (92 bytes).
    Removing stm32f1xx_hal_dma.o(i.HAL_DMA_PollForTransfer), (532 bytes).
    Removing stm32f1xx_hal_dma.o(i.HAL_DMA_RegisterCallback), (74 bytes).
    Removing stm32f1xx_hal_dma.o(i.HAL_DMA_Start), (80 bytes).
    Removing stm32f1xx_hal_dma.o(i.HAL_DMA_Start_IT), (112 bytes).
    Removing stm32f1xx_hal_dma.o(i.HAL_DMA_UnRegisterCallback), (82 bytes).
    Removing stm32f1xx_hal_cortex.o(.rev16_text), (4 bytes).
    Removing stm32f1xx_hal_cortex.o(.revsh_text), (4 bytes).
    Removing stm32f1xx_hal_cortex.o(.rrx_text), (6 bytes).
    Removing stm32f1xx_hal_cortex.o(i.HAL_NVIC_ClearPendingIRQ), (26 bytes).
    Removing stm32f1xx_hal_cortex.o(i.HAL_NVIC_DisableIRQ), (34 bytes).
    Removing stm32f1xx_hal_cortex.o(i.HAL_NVIC_GetActive), (36 bytes).
    Removing stm32f1xx_hal_cortex.o(i.HAL_NVIC_GetPendingIRQ), (36 bytes).
    Removing stm32f1xx_hal_cortex.o(i.HAL_NVIC_GetPriority), (82 bytes).
    Removing stm32f1xx_hal_cortex.o(i.HAL_NVIC_GetPriorityGrouping), (16 bytes).
    Removing stm32f1xx_hal_cortex.o(i.HAL_NVIC_SetPendingIRQ), (26 bytes).
    Removing stm32f1xx_hal_cortex.o(i.HAL_NVIC_SystemReset), (36 bytes).
    Removing stm32f1xx_hal_cortex.o(i.HAL_SYSTICK_CLKSourceConfig), (24 bytes).
    Removing stm32f1xx_hal_cortex.o(i.HAL_SYSTICK_Callback), (2 bytes).
    Removing stm32f1xx_hal_cortex.o(i.HAL_SYSTICK_IRQHandler), (8 bytes).
    Removing stm32f1xx_hal_pwr.o(.rev16_text), (4 bytes).
    Removing stm32f1xx_hal_pwr.o(.revsh_text), (4 bytes).
    Removing stm32f1xx_hal_pwr.o(.rrx_text), (6 bytes).
    Removing stm32f1xx_hal_pwr.o(i.HAL_PWR_ConfigPVD), (124 bytes).
    Removing stm32f1xx_hal_pwr.o(i.HAL_PWR_DeInit), (24 bytes).
    Removing stm32f1xx_hal_pwr.o(i.HAL_PWR_DisableBkUpAccess), (12 bytes).
    Removing stm32f1xx_hal_pwr.o(i.HAL_PWR_DisablePVD), (12 bytes).
    Removing stm32f1xx_hal_pwr.o(i.HAL_PWR_DisableSEVOnPend), (16 bytes).
    Removing stm32f1xx_hal_pwr.o(i.HAL_PWR_DisableSleepOnExit), (16 bytes).
    Removing stm32f1xx_hal_pwr.o(i.HAL_PWR_DisableWakeUpPin), (28 bytes).
    Removing stm32f1xx_hal_pwr.o(i.HAL_PWR_EnableBkUpAccess), (12 bytes).
    Removing stm32f1xx_hal_pwr.o(i.HAL_PWR_EnablePVD), (12 bytes).
    Removing stm32f1xx_hal_pwr.o(i.HAL_PWR_EnableSEVOnPend), (16 bytes).
    Removing stm32f1xx_hal_pwr.o(i.HAL_PWR_EnableSleepOnExit), (16 bytes).
    Removing stm32f1xx_hal_pwr.o(i.HAL_PWR_EnableWakeUpPin), (28 bytes).
    Removing stm32f1xx_hal_pwr.o(i.HAL_PWR_EnterSLEEPMode), (32 bytes).
    Removing stm32f1xx_hal_pwr.o(i.HAL_PWR_EnterSTANDBYMode), (32 bytes).
    Removing stm32f1xx_hal_pwr.o(i.HAL_PWR_EnterSTOPMode), (68 bytes).
    Removing stm32f1xx_hal_pwr.o(i.HAL_PWR_PVDCallback), (2 bytes).
    Removing stm32f1xx_hal_pwr.o(i.HAL_PWR_PVD_IRQHandler), (28 bytes).
    Removing stm32f1xx_hal_pwr.o(i.PWR_OverloadWfe), (6 bytes).
    Removing stm32f1xx_hal_flash.o(.rev16_text), (4 bytes).
    Removing stm32f1xx_hal_flash.o(.revsh_text), (4 bytes).
    Removing stm32f1xx_hal_flash.o(.rrx_text), (6 bytes).
    Removing stm32f1xx_hal_flash.o(i.FLASH_Program_HalfWord), (28 bytes).
    Removing stm32f1xx_hal_flash.o(i.FLASH_SetErrorCode), (92 bytes).
    Removing stm32f1xx_hal_flash.o(i.FLASH_WaitForLastOperation), (84 bytes).
    Removing stm32f1xx_hal_flash.o(i.HAL_FLASH_EndOfOperationCallback), (2 bytes).
    Removing stm32f1xx_hal_flash.o(i.HAL_FLASH_GetError), (12 bytes).
    Removing stm32f1xx_hal_flash.o(i.HAL_FLASH_IRQHandler), (264 bytes).
    Removing stm32f1xx_hal_flash.o(i.HAL_FLASH_Lock), (20 bytes).
    Removing stm32f1xx_hal_flash.o(i.HAL_FLASH_OB_Launch), (4 bytes).
    Removing stm32f1xx_hal_flash.o(i.HAL_FLASH_OB_Lock), (20 bytes).
    Removing stm32f1xx_hal_flash.o(i.HAL_FLASH_OB_Unlock), (36 bytes).
    Removing stm32f1xx_hal_flash.o(i.HAL_FLASH_OperationErrorCallback), (2 bytes).
    Removing stm32f1xx_hal_flash.o(i.HAL_FLASH_Program), (128 bytes).
    Removing stm32f1xx_hal_flash.o(i.HAL_FLASH_Program_IT), (100 bytes).
    Removing stm32f1xx_hal_flash.o(i.HAL_FLASH_Unlock), (40 bytes).
    Removing stm32f1xx_hal_flash.o(.bss), (32 bytes).
    Removing stm32f1xx_hal_flash_ex.o(.rev16_text), (4 bytes).
    Removing stm32f1xx_hal_flash_ex.o(.revsh_text), (4 bytes).
    Removing stm32f1xx_hal_flash_ex.o(.rrx_text), (6 bytes).
    Removing stm32f1xx_hal_flash_ex.o(i.FLASH_MassErase), (36 bytes).
    Removing stm32f1xx_hal_flash_ex.o(i.FLASH_OB_DisableWRP), (176 bytes).
    Removing stm32f1xx_hal_flash_ex.o(i.FLASH_OB_EnableWRP), (176 bytes).
    Removing stm32f1xx_hal_flash_ex.o(i.FLASH_OB_GetRDP), (24 bytes).
    Removing stm32f1xx_hal_flash_ex.o(i.FLASH_OB_RDP_LevelConfig), (100 bytes).
    Removing stm32f1xx_hal_flash_ex.o(i.FLASH_PageErase), (36 bytes).
    Removing stm32f1xx_hal_flash_ex.o(i.HAL_FLASHEx_Erase), (168 bytes).
    Removing stm32f1xx_hal_flash_ex.o(i.HAL_FLASHEx_Erase_IT), (84 bytes).
    Removing stm32f1xx_hal_flash_ex.o(i.HAL_FLASHEx_OBErase), (84 bytes).
    Removing stm32f1xx_hal_flash_ex.o(i.HAL_FLASHEx_OBGetConfig), (36 bytes).
    Removing stm32f1xx_hal_flash_ex.o(i.HAL_FLASHEx_OBGetUserData), (32 bytes).
    Removing stm32f1xx_hal_flash_ex.o(i.HAL_FLASHEx_OBProgram), (200 bytes).
    Removing stm32f1xx_hal_exti.o(.rev16_text), (4 bytes).
    Removing stm32f1xx_hal_exti.o(.revsh_text), (4 bytes).
    Removing stm32f1xx_hal_exti.o(.rrx_text), (6 bytes).
    Removing stm32f1xx_hal_exti.o(i.HAL_EXTI_ClearConfigLine), (104 bytes).
    Removing stm32f1xx_hal_exti.o(i.HAL_EXTI_ClearPending), (20 bytes).
    Removing stm32f1xx_hal_exti.o(i.HAL_EXTI_GenerateSWI), (20 bytes).
    Removing stm32f1xx_hal_exti.o(i.HAL_EXTI_GetConfigLine), (152 bytes).
    Removing stm32f1xx_hal_exti.o(i.HAL_EXTI_GetHandle), (12 bytes).
    Removing stm32f1xx_hal_exti.o(i.HAL_EXTI_GetPending), (24 bytes).
    Removing stm32f1xx_hal_exti.o(i.HAL_EXTI_IRQHandler), (36 bytes).
    Removing stm32f1xx_hal_exti.o(i.HAL_EXTI_RegisterCallback), (14 bytes).
    Removing stm32f1xx_hal_exti.o(i.HAL_EXTI_SetConfigLine), (164 bytes).
    Removing stm32f1xx_hal_tim.o(.rev16_text), (4 bytes).
    Removing stm32f1xx_hal_tim.o(.revsh_text), (4 bytes).
    Removing stm32f1xx_hal_tim.o(.rrx_text), (6 bytes).
    Removing stm32f1xx_hal_tim.o(i.HAL_TIM_Base_DeInit), (56 bytes).
    Removing stm32f1xx_hal_tim.o(i.HAL_TIM_Base_GetState), (6 bytes).
    Removing stm32f1xx_hal_tim.o(i.HAL_TIM_Base_MspDeInit), (2 bytes).
    Removing stm32f1xx_hal_tim.o(i.HAL_TIM_Base_MspInit), (2 bytes).
    Removing stm32f1xx_hal_tim.o(i.HAL_TIM_Base_Start), (36 bytes).
    Removing stm32f1xx_hal_tim.o(i.HAL_TIM_Base_Start_DMA), (116 bytes).
    Removing stm32f1xx_hal_tim.o(i.HAL_TIM_Base_Stop), (44 bytes).
    Removing stm32f1xx_hal_tim.o(i.HAL_TIM_Base_Stop_DMA), (58 bytes).
    Removing stm32f1xx_hal_tim.o(i.HAL_TIM_Base_Stop_IT), (42 bytes).
    Removing stm32f1xx_hal_tim.o(i.HAL_TIM_ConfigOCrefClear), (210 bytes).
    Removing stm32f1xx_hal_tim.o(i.HAL_TIM_ConfigTI1Input), (16 bytes).
    Removing stm32f1xx_hal_tim.o(i.HAL_TIM_DMABurst_ReadStart), (336 bytes).
    Removing stm32f1xx_hal_tim.o(i.HAL_TIM_DMABurst_ReadStop), (100 bytes).
    Removing stm32f1xx_hal_tim.o(i.HAL_TIM_DMABurst_WriteStart), (336 bytes).
    Removing stm32f1xx_hal_tim.o(i.HAL_TIM_DMABurst_WriteStop), (100 bytes).
    Removing stm32f1xx_hal_tim.o(i.HAL_TIM_Encoder_DeInit), (56 bytes).
    Removing stm32f1xx_hal_tim.o(i.HAL_TIM_Encoder_GetState), (6 bytes).
    Removing stm32f1xx_hal_tim.o(i.HAL_TIM_Encoder_Init), (152 bytes).
    Removing stm32f1xx_hal_tim.o(i.HAL_TIM_Encoder_MspDeInit), (2 bytes).
    Removing stm32f1xx_hal_tim.o(i.HAL_TIM_Encoder_MspInit), (2 bytes).
    Removing stm32f1xx_hal_tim.o(i.HAL_TIM_Encoder_Start), (52 bytes).
    Removing stm32f1xx_hal_tim.o(i.HAL_TIM_Encoder_Start_DMA), (312 bytes).
    Removing stm32f1xx_hal_tim.o(i.HAL_TIM_Encoder_Start_IT), (92 bytes).
    Removing stm32f1xx_hal_tim.o(i.HAL_TIM_Encoder_Stop), (70 bytes).
    Removing stm32f1xx_hal_tim.o(i.HAL_TIM_Encoder_Stop_DMA), (144 bytes).
    Removing stm32f1xx_hal_tim.o(i.HAL_TIM_Encoder_Stop_IT), (116 bytes).
    Removing stm32f1xx_hal_tim.o(i.HAL_TIM_ErrorCallback), (2 bytes).
    Removing stm32f1xx_hal_tim.o(i.HAL_TIM_GenerateEvent), (38 bytes).
    Removing stm32f1xx_hal_tim.o(i.HAL_TIM_IC_CaptureHalfCpltCallback), (2 bytes).
    Removing stm32f1xx_hal_tim.o(i.HAL_TIM_IC_ConfigChannel), (282 bytes).
    Removing stm32f1xx_hal_tim.o(i.HAL_TIM_IC_DeInit), (56 bytes).
    Removing stm32f1xx_hal_tim.o(i.HAL_TIM_IC_GetState), (6 bytes).
    Removing stm32f1xx_hal_tim.o(i.HAL_TIM_IC_Init), (54 bytes).
    Removing stm32f1xx_hal_tim.o(i.HAL_TIM_IC_MspDeInit), (2 bytes).
    Removing stm32f1xx_hal_tim.o(i.HAL_TIM_IC_MspInit), (2 bytes).
    Removing stm32f1xx_hal_tim.o(i.HAL_TIM_IC_Start), (36 bytes).
    Removing stm32f1xx_hal_tim.o(i.HAL_TIM_IC_Start_DMA), (248 bytes).
    Removing stm32f1xx_hal_tim.o(i.HAL_TIM_IC_Start_IT), (86 bytes).
    Removing stm32f1xx_hal_tim.o(i.HAL_TIM_IC_Stop), (44 bytes).
    Removing stm32f1xx_hal_tim.o(i.HAL_TIM_IC_Stop_DMA), (122 bytes).
    Removing stm32f1xx_hal_tim.o(i.HAL_TIM_IC_Stop_IT), (94 bytes).
    Removing stm32f1xx_hal_tim.o(i.HAL_TIM_OC_DeInit), (56 bytes).
    Removing stm32f1xx_hal_tim.o(i.HAL_TIM_OC_DelayElapsedCallback), (2 bytes).
    Removing stm32f1xx_hal_tim.o(i.HAL_TIM_OC_GetState), (6 bytes).
    Removing stm32f1xx_hal_tim.o(i.HAL_TIM_OC_MspDeInit), (2 bytes).
    Removing stm32f1xx_hal_tim.o(i.HAL_TIM_OC_Start), (56 bytes).
    Removing stm32f1xx_hal_tim.o(i.HAL_TIM_OC_Start_DMA), (280 bytes).
    Removing stm32f1xx_hal_tim.o(i.HAL_TIM_OC_Stop), (76 bytes).
    Removing stm32f1xx_hal_tim.o(i.HAL_TIM_OC_Stop_DMA), (156 bytes).
    Removing stm32f1xx_hal_tim.o(i.HAL_TIM_OC_Stop_IT), (128 bytes).
    Removing stm32f1xx_hal_tim.o(i.HAL_TIM_OnePulse_ConfigChannel), (218 bytes).
    Removing stm32f1xx_hal_tim.o(i.HAL_TIM_OnePulse_DeInit), (56 bytes).
    Removing stm32f1xx_hal_tim.o(i.HAL_TIM_OnePulse_GetState), (6 bytes).
    Removing stm32f1xx_hal_tim.o(i.HAL_TIM_OnePulse_MspDeInit), (2 bytes).
    Removing stm32f1xx_hal_tim.o(i.HAL_TIM_OnePulse_Start), (48 bytes).
    Removing stm32f1xx_hal_tim.o(i.HAL_TIM_OnePulse_Start_IT), (68 bytes).
    Removing stm32f1xx_hal_tim.o(i.HAL_TIM_OnePulse_Stop), (88 bytes).
    Removing stm32f1xx_hal_tim.o(i.HAL_TIM_OnePulse_Stop_IT), (108 bytes).
    Removing stm32f1xx_hal_tim.o(i.HAL_TIM_PWM_ConfigChannel), (208 bytes).
    Removing stm32f1xx_hal_tim.o(i.HAL_TIM_PWM_DeInit), (56 bytes).
    Removing stm32f1xx_hal_tim.o(i.HAL_TIM_PWM_GetState), (6 bytes).
    Removing stm32f1xx_hal_tim.o(i.HAL_TIM_PWM_Init), (54 bytes).
    Removing stm32f1xx_hal_tim.o(i.HAL_TIM_PWM_MspDeInit), (2 bytes).
    Removing stm32f1xx_hal_tim.o(i.HAL_TIM_PWM_MspInit), (2 bytes).
    Removing stm32f1xx_hal_tim.o(i.HAL_TIM_PWM_PulseFinishedHalfCpltCallback), (2 bytes).
    Removing stm32f1xx_hal_tim.o(i.HAL_TIM_PWM_Start), (56 bytes).
    Removing stm32f1xx_hal_tim.o(i.HAL_TIM_PWM_Start_DMA), (280 bytes).
    Removing stm32f1xx_hal_tim.o(i.HAL_TIM_PWM_Start_IT), (108 bytes).
    Removing stm32f1xx_hal_tim.o(i.HAL_TIM_PWM_Stop), (84 bytes).
    Removing stm32f1xx_hal_tim.o(i.HAL_TIM_PWM_Stop_DMA), (156 bytes).
    Removing stm32f1xx_hal_tim.o(i.HAL_TIM_PWM_Stop_IT), (128 bytes).
    Removing stm32f1xx_hal_tim.o(i.HAL_TIM_PeriodElapsedCallback), (2 bytes).
    Removing stm32f1xx_hal_tim.o(i.HAL_TIM_PeriodElapsedHalfCpltCallback), (2 bytes).
    Removing stm32f1xx_hal_tim.o(i.HAL_TIM_ReadCapturedValue), (42 bytes).
    Removing stm32f1xx_hal_tim.o(i.HAL_TIM_SlaveConfigSynchro), (86 bytes).
    Removing stm32f1xx_hal_tim.o(i.HAL_TIM_SlaveConfigSynchro_IT), (86 bytes).
    Removing stm32f1xx_hal_tim.o(i.HAL_TIM_TriggerHalfCpltCallback), (2 bytes).
    Removing stm32f1xx_hal_tim.o(i.TIM_DMACaptureCplt), (62 bytes).
    Removing stm32f1xx_hal_tim.o(i.TIM_DMACaptureHalfCplt), (62 bytes).
    Removing stm32f1xx_hal_tim.o(i.TIM_DMADelayPulseCplt), (62 bytes).
    Removing stm32f1xx_hal_tim.o(i.TIM_DMADelayPulseHalfCplt), (62 bytes).
    Removing stm32f1xx_hal_tim.o(i.TIM_DMAError), (16 bytes).
    Removing stm32f1xx_hal_tim.o(i.TIM_DMAPeriodElapsedCplt), (16 bytes).
    Removing stm32f1xx_hal_tim.o(i.TIM_DMAPeriodElapsedHalfCplt), (16 bytes).
    Removing stm32f1xx_hal_tim.o(i.TIM_DMATriggerCplt), (16 bytes).
    Removing stm32f1xx_hal_tim.o(i.TIM_DMATriggerHalfCplt), (16 bytes).
    Removing stm32f1xx_hal_tim.o(i.TIM_SlaveTimer_SetConfig), (134 bytes).
    Removing stm32f1xx_hal_tim.o(i.TIM_TI1_SetConfig), (88 bytes).
    Removing stm32f1xx_hal_tim.o(i.TIM_TI2_SetConfig), (54 bytes).
    Removing stm32f1xx_hal_tim_ex.o(.rev16_text), (4 bytes).
    Removing stm32f1xx_hal_tim_ex.o(.revsh_text), (4 bytes).
    Removing stm32f1xx_hal_tim_ex.o(.rrx_text), (6 bytes).
    Removing stm32f1xx_hal_tim_ex.o(i.HAL_TIMEx_CommutHalfCpltCallback), (2 bytes).
    Removing stm32f1xx_hal_tim_ex.o(i.HAL_TIMEx_ConfigCommutEvent), (112 bytes).
    Removing stm32f1xx_hal_tim_ex.o(i.HAL_TIMEx_ConfigCommutEvent_DMA), (144 bytes).
    Removing stm32f1xx_hal_tim_ex.o(i.HAL_TIMEx_ConfigCommutEvent_IT), (112 bytes).
    Removing stm32f1xx_hal_tim_ex.o(i.HAL_TIMEx_HallSensor_DeInit), (56 bytes).
    Removing stm32f1xx_hal_tim_ex.o(i.HAL_TIMEx_HallSensor_GetState), (6 bytes).
    Removing stm32f1xx_hal_tim_ex.o(i.HAL_TIMEx_HallSensor_Init), (188 bytes).
    Removing stm32f1xx_hal_tim_ex.o(i.HAL_TIMEx_HallSensor_MspDeInit), (2 bytes).
    Removing stm32f1xx_hal_tim_ex.o(i.HAL_TIMEx_HallSensor_MspInit), (2 bytes).
    Removing stm32f1xx_hal_tim_ex.o(i.HAL_TIMEx_HallSensor_Start), (38 bytes).
    Removing stm32f1xx_hal_tim_ex.o(i.HAL_TIMEx_HallSensor_Start_DMA), (128 bytes).
    Removing stm32f1xx_hal_tim_ex.o(i.HAL_TIMEx_HallSensor_Start_IT), (48 bytes).
    Removing stm32f1xx_hal_tim_ex.o(i.HAL_TIMEx_HallSensor_Stop), (46 bytes).
    Removing stm32f1xx_hal_tim_ex.o(i.HAL_TIMEx_HallSensor_Stop_DMA), (62 bytes).
    Removing stm32f1xx_hal_tim_ex.o(i.HAL_TIMEx_HallSensor_Stop_IT), (56 bytes).
    Removing stm32f1xx_hal_tim_ex.o(i.HAL_TIMEx_OCN_Start), (46 bytes).
    Removing stm32f1xx_hal_tim_ex.o(i.HAL_TIMEx_OCN_Start_DMA), (228 bytes).
    Removing stm32f1xx_hal_tim_ex.o(i.HAL_TIMEx_OCN_Start_IT), (94 bytes).
    Removing stm32f1xx_hal_tim_ex.o(i.HAL_TIMEx_OCN_Stop), (68 bytes).
    Removing stm32f1xx_hal_tim_ex.o(i.HAL_TIMEx_OCN_Stop_DMA), (130 bytes).
    Removing stm32f1xx_hal_tim_ex.o(i.HAL_TIMEx_OCN_Stop_IT), (122 bytes).
    Removing stm32f1xx_hal_tim_ex.o(i.HAL_TIMEx_OnePulseN_Start), (26 bytes).
    Removing stm32f1xx_hal_tim_ex.o(i.HAL_TIMEx_OnePulseN_Start_IT), (46 bytes).
    Removing stm32f1xx_hal_tim_ex.o(i.HAL_TIMEx_OnePulseN_Stop), (68 bytes).
    Removing stm32f1xx_hal_tim_ex.o(i.HAL_TIMEx_OnePulseN_Stop_IT), (88 bytes).
    Removing stm32f1xx_hal_tim_ex.o(i.HAL_TIMEx_PWMN_Start), (46 bytes).
    Removing stm32f1xx_hal_tim_ex.o(i.HAL_TIMEx_PWMN_Start_DMA), (228 bytes).
    Removing stm32f1xx_hal_tim_ex.o(i.HAL_TIMEx_PWMN_Start_IT), (94 bytes).
    Removing stm32f1xx_hal_tim_ex.o(i.HAL_TIMEx_PWMN_Stop), (68 bytes).
    Removing stm32f1xx_hal_tim_ex.o(i.HAL_TIMEx_PWMN_Stop_DMA), (130 bytes).
    Removing stm32f1xx_hal_tim_ex.o(i.HAL_TIMEx_PWMN_Stop_IT), (122 bytes).
    Removing stm32f1xx_hal_tim_ex.o(i.HAL_TIMEx_RemapConfig), (4 bytes).
    Removing stm32f1xx_hal_tim_ex.o(i.TIMEx_DMACommutationCplt), (16 bytes).
    Removing stm32f1xx_hal_tim_ex.o(i.TIMEx_DMACommutationHalfCplt), (16 bytes).
    Removing stm32f1xx_hal_tim_ex.o(i.TIM_CCxNChannelCmd), (26 bytes).
    Removing system_stm32f1xx.o(.rev16_text), (4 bytes).
    Removing system_stm32f1xx.o(.revsh_text), (4 bytes).
    Removing system_stm32f1xx.o(.rrx_text), (6 bytes).
    Removing system_stm32f1xx.o(i.SystemCoreClockUpdate), (104 bytes).

375 unused section(s) (total 37470 bytes) removed from the image.

==============================================================================

Image Symbol Table

    Local Symbols

    Symbol Name                              Value     Ov Type        Size  Object(Section)

    ../Drivers/STM32F1xx_HAL_Driver/Src/stm32f1xx_hal.c 0x00000000   Number         0  stm32f1xx_hal.o ABSOLUTE
    ../Drivers/STM32F1xx_HAL_Driver/Src/stm32f1xx_hal_cortex.c 0x00000000   Number         0  stm32f1xx_hal_cortex.o ABSOLUTE
    ../Drivers/STM32F1xx_HAL_Driver/Src/stm32f1xx_hal_dma.c 0x00000000   Number         0  stm32f1xx_hal_dma.o ABSOLUTE
    ../Drivers/STM32F1xx_HAL_Driver/Src/stm32f1xx_hal_exti.c 0x00000000   Number         0  stm32f1xx_hal_exti.o ABSOLUTE
    ../Drivers/STM32F1xx_HAL_Driver/Src/stm32f1xx_hal_flash.c 0x00000000   Number         0  stm32f1xx_hal_flash.o ABSOLUTE
    ../Drivers/STM32F1xx_HAL_Driver/Src/stm32f1xx_hal_flash_ex.c 0x00000000   Number         0  stm32f1xx_hal_flash_ex.o ABSOLUTE
    ../Drivers/STM32F1xx_HAL_Driver/Src/stm32f1xx_hal_gpio.c 0x00000000   Number         0  stm32f1xx_hal_gpio.o ABSOLUTE
    ../Drivers/STM32F1xx_HAL_Driver/Src/stm32f1xx_hal_gpio_ex.c 0x00000000   Number         0  stm32f1xx_hal_gpio_ex.o ABSOLUTE
    ../Drivers/STM32F1xx_HAL_Driver/Src/stm32f1xx_hal_i2c.c 0x00000000   Number         0  stm32f1xx_hal_i2c.o ABSOLUTE
    ../Drivers/STM32F1xx_HAL_Driver/Src/stm32f1xx_hal_pwr.c 0x00000000   Number         0  stm32f1xx_hal_pwr.o ABSOLUTE
    ../Drivers/STM32F1xx_HAL_Driver/Src/stm32f1xx_hal_rcc.c 0x00000000   Number         0  stm32f1xx_hal_rcc.o ABSOLUTE
    ../Drivers/STM32F1xx_HAL_Driver/Src/stm32f1xx_hal_rcc_ex.c 0x00000000   Number         0  stm32f1xx_hal_rcc_ex.o ABSOLUTE
    ../Drivers/STM32F1xx_HAL_Driver/Src/stm32f1xx_hal_tim.c 0x00000000   Number         0  stm32f1xx_hal_tim.o ABSOLUTE
    ../Drivers/STM32F1xx_HAL_Driver/Src/stm32f1xx_hal_tim_ex.c 0x00000000   Number         0  stm32f1xx_hal_tim_ex.o ABSOLUTE
    ../Src/main.c                            0x00000000   Number         0  main.o ABSOLUTE
    ../Src/stm32f1xx_hal_msp.c               0x00000000   Number         0  stm32f1xx_hal_msp.o ABSOLUTE
    ../Src/stm32f1xx_it.c                    0x00000000   Number         0  stm32f1xx_it.o ABSOLUTE
    ../Src/system_stm32f1xx.c                0x00000000   Number         0  system_stm32f1xx.o ABSOLUTE
    ../clib/microlib/init/entry.s            0x00000000   Number         0  entry9a.o ABSOLUTE
    ../clib/microlib/init/entry.s            0x00000000   Number         0  entry8b.o ABSOLUTE
    ../clib/microlib/init/entry.s            0x00000000   Number         0  entry7b.o ABSOLUTE
    ../clib/microlib/init/entry.s            0x00000000   Number         0  entry7a.o ABSOLUTE
    ../clib/microlib/init/entry.s            0x00000000   Number         0  entry2.o ABSOLUTE
    ../clib/microlib/init/entry.s            0x00000000   Number         0  entry8a.o ABSOLUTE
    ../clib/microlib/init/entry.s            0x00000000   Number         0  entry.o ABSOLUTE
    ../clib/microlib/init/entry.s            0x00000000   Number         0  entry5.o ABSOLUTE
    ../clib/microlib/init/entry.s            0x00000000   Number         0  entry10a.o ABSOLUTE
    ../clib/microlib/init/entry.s            0x00000000   Number         0  entry11b.o ABSOLUTE
    ../clib/microlib/init/entry.s            0x00000000   Number         0  entry9b.o ABSOLUTE
    ../clib/microlib/init/entry.s            0x00000000   Number         0  entry10b.o ABSOLUTE
    ../clib/microlib/init/entry.s            0x00000000   Number         0  entry11a.o ABSOLUTE
    ../clib/microlib/longlong.c              0x00000000   Number         0  llushr.o ABSOLUTE
    ../clib/microlib/string/memset.c         0x00000000   Number         0  memseta.o ABSOLUTE
    ../clib/microlib/string/strlen.c         0x00000000   Number         0  strlen.o ABSOLUTE
    ..\Drivers\STM32F1xx_HAL_Driver\Src\stm32f1xx_hal.c 0x00000000   Number         0  stm32f1xx_hal.o ABSOLUTE
    ..\Drivers\STM32F1xx_HAL_Driver\Src\stm32f1xx_hal_cortex.c 0x00000000   Number         0  stm32f1xx_hal_cortex.o ABSOLUTE
    ..\Drivers\STM32F1xx_HAL_Driver\Src\stm32f1xx_hal_dma.c 0x00000000   Number         0  stm32f1xx_hal_dma.o ABSOLUTE
    ..\Drivers\STM32F1xx_HAL_Driver\Src\stm32f1xx_hal_exti.c 0x00000000   Number         0  stm32f1xx_hal_exti.o ABSOLUTE
    ..\Drivers\STM32F1xx_HAL_Driver\Src\stm32f1xx_hal_flash.c 0x00000000   Number         0  stm32f1xx_hal_flash.o ABSOLUTE
    ..\Drivers\STM32F1xx_HAL_Driver\Src\stm32f1xx_hal_flash_ex.c 0x00000000   Number         0  stm32f1xx_hal_flash_ex.o ABSOLUTE
    ..\Drivers\STM32F1xx_HAL_Driver\Src\stm32f1xx_hal_gpio.c 0x00000000   Number         0  stm32f1xx_hal_gpio.o ABSOLUTE
    ..\Drivers\STM32F1xx_HAL_Driver\Src\stm32f1xx_hal_gpio_ex.c 0x00000000   Number         0  stm32f1xx_hal_gpio_ex.o ABSOLUTE
    ..\Drivers\STM32F1xx_HAL_Driver\Src\stm32f1xx_hal_i2c.c 0x00000000   Number         0  stm32f1xx_hal_i2c.o ABSOLUTE
    ..\Drivers\STM32F1xx_HAL_Driver\Src\stm32f1xx_hal_pwr.c 0x00000000   Number         0  stm32f1xx_hal_pwr.o ABSOLUTE
    ..\Drivers\STM32F1xx_HAL_Driver\Src\stm32f1xx_hal_rcc.c 0x00000000   Number         0  stm32f1xx_hal_rcc.o ABSOLUTE
    ..\Drivers\STM32F1xx_HAL_Driver\Src\stm32f1xx_hal_rcc_ex.c 0x00000000   Number         0  stm32f1xx_hal_rcc_ex.o ABSOLUTE
    ..\Drivers\STM32F1xx_HAL_Driver\Src\stm32f1xx_hal_tim.c 0x00000000   Number         0  stm32f1xx_hal_tim.o ABSOLUTE
    ..\Drivers\STM32F1xx_HAL_Driver\Src\stm32f1xx_hal_tim_ex.c 0x00000000   Number         0  stm32f1xx_hal_tim_ex.o ABSOLUTE
    ..\Src\fonts.c                           0x00000000   Number         0  fonts.o ABSOLUTE
    ..\Src\main.c                            0x00000000   Number         0  main.o ABSOLUTE
    ..\Src\ssd1306.c                         0x00000000   Number         0  ssd1306.o ABSOLUTE
    ..\Src\stm32f1xx_hal_msp.c               0x00000000   Number         0  stm32f1xx_hal_msp.o ABSOLUTE
    ..\Src\stm32f1xx_it.c                    0x00000000   Number         0  stm32f1xx_it.o ABSOLUTE
    ..\Src\system_stm32f1xx.c                0x00000000   Number         0  system_stm32f1xx.o ABSOLUTE
    ..\\Src\\fonts.c                         0x00000000   Number         0  fonts.o ABSOLUTE
    ..\\Src\\ssd1306.c                       0x00000000   Number         0  ssd1306.o ABSOLUTE
    dc.s                                     0x00000000   Number         0  dc.o ABSOLUTE
    handlers.s                               0x00000000   Number         0  handlers.o ABSOLUTE
    init.s                                   0x00000000   Number         0  init.o ABSOLUTE
    startup_stm32f103xb.s                    0x00000000   Number         0  startup_stm32f103xb.o ABSOLUTE
    RESET                                    0x08000000   Section      236  startup_stm32f103xb.o(RESET)
    .ARM.Collect$$$$00000000                 0x080000ec   Section        0  entry.o(.ARM.Collect$$$$00000000)
    .ARM.Collect$$$$00000001                 0x080000ec   Section        4  entry2.o(.ARM.Collect$$$$00000001)
    .ARM.Collect$$$$00000004                 0x080000f0   Section        4  entry5.o(.ARM.Collect$$$$00000004)
    .ARM.Collect$$$$00000008                 0x080000f4   Section        0  entry7b.o(.ARM.Collect$$$$00000008)
    .ARM.Collect$$$$0000000A                 0x080000f4   Section        0  entry8b.o(.ARM.Collect$$$$0000000A)
    .ARM.Collect$$$$0000000B                 0x080000f4   Section        8  entry9a.o(.ARM.Collect$$$$0000000B)
    .ARM.Collect$$$$0000000D                 0x080000fc   Section        0  entry10a.o(.ARM.Collect$$$$0000000D)
    .ARM.Collect$$$$0000000F                 0x080000fc   Section        0  entry11a.o(.ARM.Collect$$$$0000000F)
    .ARM.Collect$$$$00002712                 0x080000fc   Section        4  entry2.o(.ARM.Collect$$$$00002712)
    __lit__00000000                          0x080000fc   Data           4  entry2.o(.ARM.Collect$$$$00002712)
    .text                                    0x08000100   Section       36  startup_stm32f103xb.o(.text)
    .text                                    0x08000124   Section        0  memseta.o(.text)
    .text                                    0x08000148   Section        0  strlen.o(.text)
    .text                                    0x08000158   Section       36  init.o(.text)
    i.BusFault_Handler                       0x0800017c   Section        0  stm32f1xx_it.o(i.BusFault_Handler)
    i.DebugMon_Handler                       0x0800017e   Section        0  stm32f1xx_it.o(i.DebugMon_Handler)
    i.EXTI15_10_IRQHandler                   0x08000180   Section        0  stm32f1xx_it.o(i.EXTI15_10_IRQHandler)
    i.EXTI1_IRQHandler                       0x08000196   Section        0  stm32f1xx_it.o(i.EXTI1_IRQHandler)
    i.EXTI2_IRQHandler                       0x0800019c   Section        0  stm32f1xx_it.o(i.EXTI2_IRQHandler)
    i.HAL_Delay                              0x080001a4   Section        0  stm32f1xx_hal.o(i.HAL_Delay)
    i.HAL_GPIO_EXTI_Callback                 0x080001c8   Section        0  main.o(i.HAL_GPIO_EXTI_Callback)
    i.HAL_GPIO_EXTI_IRQHandler               0x0800029c   Section        0  stm32f1xx_hal_gpio.o(i.HAL_GPIO_EXTI_IRQHandler)
    i.HAL_GPIO_Init                          0x080002b4   Section        0  stm32f1xx_hal_gpio.o(i.HAL_GPIO_Init)
    i.HAL_GPIO_ReadPin                       0x08000494   Section        0  stm32f1xx_hal_gpio.o(i.HAL_GPIO_ReadPin)
    i.HAL_GPIO_WritePin                      0x0800049e   Section        0  stm32f1xx_hal_gpio.o(i.HAL_GPIO_WritePin)
    i.HAL_GetTick                            0x080004a8   Section        0  stm32f1xx_hal.o(i.HAL_GetTick)
    i.HAL_I2C_Init                           0x080004b4   Section        0  stm32f1xx_hal_i2c.o(i.HAL_I2C_Init)
    i.HAL_I2C_Mem_Write                      0x08000628   Section        0  stm32f1xx_hal_i2c.o(i.HAL_I2C_Mem_Write)
    i.HAL_I2C_MspInit                        0x08000758   Section        0  stm32f1xx_hal_msp.o(i.HAL_I2C_MspInit)
    i.HAL_IncTick                            0x080007c8   Section        0  stm32f1xx_hal.o(i.HAL_IncTick)
    i.HAL_Init                               0x080007d8   Section        0  stm32f1xx_hal.o(i.HAL_Init)
    i.HAL_InitTick                           0x080007fc   Section        0  stm32f1xx_hal.o(i.HAL_InitTick)
    i.HAL_MspInit                            0x0800083c   Section        0  stm32f1xx_hal_msp.o(i.HAL_MspInit)
    i.HAL_NVIC_EnableIRQ                     0x08000878   Section        0  stm32f1xx_hal_cortex.o(i.HAL_NVIC_EnableIRQ)
    i.HAL_NVIC_SetPriority                   0x08000894   Section        0  stm32f1xx_hal_cortex.o(i.HAL_NVIC_SetPriority)
    i.HAL_NVIC_SetPriorityGrouping           0x080008d4   Section        0  stm32f1xx_hal_cortex.o(i.HAL_NVIC_SetPriorityGrouping)
    i.HAL_RCC_ClockConfig                    0x080008f8   Section        0  stm32f1xx_hal_rcc.o(i.HAL_RCC_ClockConfig)
    i.HAL_RCC_GetPCLK1Freq                   0x08000a24   Section        0  stm32f1xx_hal_rcc.o(i.HAL_RCC_GetPCLK1Freq)
    i.HAL_RCC_GetSysClockFreq                0x08000a44   Section        0  stm32f1xx_hal_rcc.o(i.HAL_RCC_GetSysClockFreq)
    i.HAL_RCC_OscConfig                      0x08000ab0   Section        0  stm32f1xx_hal_rcc.o(i.HAL_RCC_OscConfig)
    i.HAL_SYSTICK_Config                     0x08000dd0   Section        0  stm32f1xx_hal_cortex.o(i.HAL_SYSTICK_Config)
    i.HAL_TIMEx_BreakCallback                0x08000df8   Section        0  stm32f1xx_hal_tim_ex.o(i.HAL_TIMEx_BreakCallback)
    i.HAL_TIMEx_CommutCallback               0x08000dfa   Section        0  stm32f1xx_hal_tim_ex.o(i.HAL_TIMEx_CommutCallback)
    i.HAL_TIMEx_ConfigBreakDeadTime          0x08000dfc   Section        0  stm32f1xx_hal_tim_ex.o(i.HAL_TIMEx_ConfigBreakDeadTime)
    i.HAL_TIMEx_MasterConfigSynchronization  0x08000e50   Section        0  stm32f1xx_hal_tim_ex.o(i.HAL_TIMEx_MasterConfigSynchronization)
    i.HAL_TIM_Base_Init                      0x08000e92   Section        0  stm32f1xx_hal_tim.o(i.HAL_TIM_Base_Init)
    i.HAL_TIM_Base_MspInit                   0x08000ec8   Section        0  stm32f1xx_hal_msp.o(i.HAL_TIM_Base_MspInit)
    i.HAL_TIM_Base_Start_IT                  0x08000f28   Section        0  stm32f1xx_hal_tim.o(i.HAL_TIM_Base_Start_IT)
    i.HAL_TIM_ConfigClockSource              0x08000f4a   Section        0  stm32f1xx_hal_tim.o(i.HAL_TIM_ConfigClockSource)
    i.HAL_TIM_IC_CaptureCallback             0x08001020   Section        0  stm32f1xx_hal_tim.o(i.HAL_TIM_IC_CaptureCallback)
    i.HAL_TIM_IRQHandler                     0x08001022   Section        0  stm32f1xx_hal_tim.o(i.HAL_TIM_IRQHandler)
    i.HAL_TIM_OC_ConfigChannel               0x08001188   Section        0  stm32f1xx_hal_tim.o(i.HAL_TIM_OC_ConfigChannel)
    i.HAL_TIM_OC_DelayElapsedCallback        0x080011e0   Section        0  main.o(i.HAL_TIM_OC_DelayElapsedCallback)
    i.HAL_TIM_OC_Init                        0x080011fc   Section        0  stm32f1xx_hal_tim.o(i.HAL_TIM_OC_Init)
    i.HAL_TIM_OC_MspInit                     0x08001232   Section        0  stm32f1xx_hal_tim.o(i.HAL_TIM_OC_MspInit)
    i.HAL_TIM_OC_Start_IT                    0x08001234   Section        0  stm32f1xx_hal_tim.o(i.HAL_TIM_OC_Start_IT)
    i.HAL_TIM_OnePulse_Init                  0x080012a0   Section        0  stm32f1xx_hal_tim.o(i.HAL_TIM_OnePulse_Init)
    i.HAL_TIM_OnePulse_MspInit               0x080012ea   Section        0  stm32f1xx_hal_tim.o(i.HAL_TIM_OnePulse_MspInit)
    i.HAL_TIM_PWM_PulseFinishedCallback      0x080012ec   Section        0  stm32f1xx_hal_tim.o(i.HAL_TIM_PWM_PulseFinishedCallback)
    i.HAL_TIM_PeriodElapsedCallback          0x080012f0   Section        0  main.o(i.HAL_TIM_PeriodElapsedCallback)
    i.HAL_TIM_TriggerCallback                0x08001318   Section        0  stm32f1xx_hal_tim.o(i.HAL_TIM_TriggerCallback)
    i.HardFault_Handler                      0x0800131a   Section        0  stm32f1xx_it.o(i.HardFault_Handler)
    i.I2C_IsAcknowledgeFailed                0x0800131c   Section        0  stm32f1xx_hal_i2c.o(i.I2C_IsAcknowledgeFailed)
    I2C_IsAcknowledgeFailed                  0x0800131d   Thumb Code    46  stm32f1xx_hal_i2c.o(i.I2C_IsAcknowledgeFailed)
    i.I2C_RequestMemoryWrite                 0x0800134c   Section        0  stm32f1xx_hal_i2c.o(i.I2C_RequestMemoryWrite)
    I2C_RequestMemoryWrite                   0x0800134d   Thumb Code   144  stm32f1xx_hal_i2c.o(i.I2C_RequestMemoryWrite)
    i.I2C_WaitOnBTFFlagUntilTimeout          0x080013e0   Section        0  stm32f1xx_hal_i2c.o(i.I2C_WaitOnBTFFlagUntilTimeout)
    I2C_WaitOnBTFFlagUntilTimeout            0x080013e1   Thumb Code    76  stm32f1xx_hal_i2c.o(i.I2C_WaitOnBTFFlagUntilTimeout)
    i.I2C_WaitOnFlagUntilTimeout             0x0800142c   Section        0  stm32f1xx_hal_i2c.o(i.I2C_WaitOnFlagUntilTimeout)
    I2C_WaitOnFlagUntilTimeout               0x0800142d   Thumb Code   104  stm32f1xx_hal_i2c.o(i.I2C_WaitOnFlagUntilTimeout)
    i.I2C_WaitOnMasterAddressFlagUntilTimeout 0x08001494   Section        0  stm32f1xx_hal_i2c.o(i.I2C_WaitOnMasterAddressFlagUntilTimeout)
    I2C_WaitOnMasterAddressFlagUntilTimeout  0x08001495   Thumb Code   150  stm32f1xx_hal_i2c.o(i.I2C_WaitOnMasterAddressFlagUntilTimeout)
    i.I2C_WaitOnTXEFlagUntilTimeout          0x0800152a   Section        0  stm32f1xx_hal_i2c.o(i.I2C_WaitOnTXEFlagUntilTimeout)
    I2C_WaitOnTXEFlagUntilTimeout            0x0800152b   Thumb Code    76  stm32f1xx_hal_i2c.o(i.I2C_WaitOnTXEFlagUntilTimeout)
    i.MX_GPIO_Init                           0x08001578   Section        0  main.o(i.MX_GPIO_Init)
    MX_GPIO_Init                             0x08001579   Thumb Code   238  main.o(i.MX_GPIO_Init)
    i.MX_TIM1_Init                           0x0800167c   Section        0  main.o(i.MX_TIM1_Init)
    MX_TIM1_Init                             0x0800167d   Thumb Code   158  main.o(i.MX_TIM1_Init)
    i.MX_TIM2_Init                           0x08001724   Section        0  main.o(i.MX_TIM2_Init)
    MX_TIM2_Init                             0x08001725   Thumb Code    76  main.o(i.MX_TIM2_Init)
    i.MemManage_Handler                      0x08001774   Section        0  stm32f1xx_it.o(i.MemManage_Handler)
    i.NMI_Handler                            0x08001776   Section        0  stm32f1xx_it.o(i.NMI_Handler)
    i.PendSV_Handler                         0x08001778   Section        0  stm32f1xx_it.o(i.PendSV_Handler)
    i.SVC_Handler                            0x0800177a   Section        0  stm32f1xx_it.o(i.SVC_Handler)
    i.SysTick_Handler                        0x0800177c   Section        0  stm32f1xx_it.o(i.SysTick_Handler)
    i.SystemClock_Config                     0x08001780   Section        0  main.o(i.SystemClock_Config)
    i.SystemInit                             0x080017c4   Section        0  system_stm32f1xx.o(i.SystemInit)
    i.TIM1_CC_IRQHandler                     0x0800180c   Section        0  stm32f1xx_it.o(i.TIM1_CC_IRQHandler)
    i.TIM2_IRQHandler                        0x08001818   Section        0  stm32f1xx_it.o(i.TIM2_IRQHandler)
    i.TIM_Base_SetConfig                     0x08001824   Section        0  stm32f1xx_hal_tim.o(i.TIM_Base_SetConfig)
    i.TIM_CCxChannelCmd                      0x08001890   Section        0  stm32f1xx_hal_tim.o(i.TIM_CCxChannelCmd)
    i.TIM_ETR_SetConfig                      0x080018aa   Section        0  stm32f1xx_hal_tim.o(i.TIM_ETR_SetConfig)
    i.TIM_ITRx_SetConfig                     0x080018be   Section        0  stm32f1xx_hal_tim.o(i.TIM_ITRx_SetConfig)
    TIM_ITRx_SetConfig                       0x080018bf   Thumb Code    16  stm32f1xx_hal_tim.o(i.TIM_ITRx_SetConfig)
    i.TIM_OC1_SetConfig                      0x080018d0   Section        0  stm32f1xx_hal_tim.o(i.TIM_OC1_SetConfig)
    TIM_OC1_SetConfig                        0x080018d1   Thumb Code    74  stm32f1xx_hal_tim.o(i.TIM_OC1_SetConfig)
    i.TIM_OC2_SetConfig                      0x08001920   Section        0  stm32f1xx_hal_tim.o(i.TIM_OC2_SetConfig)
    i.TIM_OC3_SetConfig                      0x08001978   Section        0  stm32f1xx_hal_tim.o(i.TIM_OC3_SetConfig)
    TIM_OC3_SetConfig                        0x08001979   Thumb Code    82  stm32f1xx_hal_tim.o(i.TIM_OC3_SetConfig)
    i.TIM_OC4_SetConfig                      0x080019d0   Section        0  stm32f1xx_hal_tim.o(i.TIM_OC4_SetConfig)
    TIM_OC4_SetConfig                        0x080019d1   Thumb Code    64  stm32f1xx_hal_tim.o(i.TIM_OC4_SetConfig)
    i.TIM_TI1_ConfigInputStage               0x08001a14   Section        0  stm32f1xx_hal_tim.o(i.TIM_TI1_ConfigInputStage)
    TIM_TI1_ConfigInputStage                 0x08001a15   Thumb Code    34  stm32f1xx_hal_tim.o(i.TIM_TI1_ConfigInputStage)
    i.TIM_TI2_ConfigInputStage               0x08001a36   Section        0  stm32f1xx_hal_tim.o(i.TIM_TI2_ConfigInputStage)
    TIM_TI2_ConfigInputStage                 0x08001a37   Thumb Code    36  stm32f1xx_hal_tim.o(i.TIM_TI2_ConfigInputStage)
    i.UsageFault_Handler                     0x08001a5a   Section        0  stm32f1xx_it.o(i.UsageFault_Handler)
    i.__NVIC_SetPriority                     0x08001a5c   Section        0  stm32f1xx_hal_cortex.o(i.__NVIC_SetPriority)
    __NVIC_SetPriority                       0x08001a5d   Thumb Code    32  stm32f1xx_hal_cortex.o(i.__NVIC_SetPriority)
    i.__scatterload_copy                     0x08001a7c   Section       14  handlers.o(i.__scatterload_copy)
    i.__scatterload_null                     0x08001a8a   Section        2  handlers.o(i.__scatterload_null)
    i.__scatterload_zeroinit                 0x08001a8c   Section       14  handlers.o(i.__scatterload_zeroinit)
    i.display_update                         0x08001a9c   Section        0  main.o(i.display_update)
    i.itoa                                   0x08001c4c   Section        0  main.o(i.itoa)
    i.main                                   0x08001c84   Section        0  main.o(i.main)
    i.reverse                                0x08001ce0   Section        0  main.o(i.reverse)
    i.ssd1306_DrawPixel                      0x08001d00   Section        0  ssd1306.o(i.ssd1306_DrawPixel)
    i.ssd1306_Fill                           0x08001d40   Section        0  ssd1306.o(i.ssd1306_Fill)
    i.ssd1306_Init                           0x08001d60   Section        0  ssd1306.o(i.ssd1306_Init)
    i.ssd1306_SetCursor                      0x08001e30   Section        0  ssd1306.o(i.ssd1306_SetCursor)
    i.ssd1306_UpdateScreen                   0x08001e3c   Section        0  ssd1306.o(i.ssd1306_UpdateScreen)
    i.ssd1306_WriteChar                      0x08001e88   Section        0  ssd1306.o(i.ssd1306_WriteChar)
    i.ssd1306_WriteCommand                   0x08001f24   Section        0  ssd1306.o(i.ssd1306_WriteCommand)
    ssd1306_WriteCommand                     0x08001f25   Thumb Code    30  ssd1306.o(i.ssd1306_WriteCommand)
    i.ssd1306_WriteString                    0x08001f48   Section        0  ssd1306.o(i.ssd1306_WriteString)
    .constdata                               0x08001f74   Section     1900  fonts.o(.constdata)
    Font7x10                                 0x08001f74   Data        1900  fonts.o(.constdata)
    .constdata                               0x080026e0   Section       16  system_stm32f1xx.o(.constdata)
    .constdata                               0x080026f0   Section        8  system_stm32f1xx.o(.constdata)
    .data                                    0x20000000   Section       32  main.o(.data)
    .data                                    0x20000020   Section        8  fonts.o(.data)
    .data                                    0x20000028   Section        6  ssd1306.o(.data)
    SSD1306                                  0x20000028   Data           6  ssd1306.o(.data)
    .data                                    0x20000030   Section       12  stm32f1xx_hal.o(.data)
    .data                                    0x2000003c   Section        4  system_stm32f1xx.o(.data)
    .bss                                     0x20000040   Section      232  main.o(.bss)
    .bss                                     0x20000128   Section      512  ssd1306.o(.bss)
    SSD1306_Buffer                           0x20000128   Data         512  ssd1306.o(.bss)
    STACK                                    0x20000328   Section     1024  startup_stm32f103xb.o(STACK)

    Global Symbols

    Symbol Name                              Value     Ov Type        Size  Object(Section)

    BuildAttributes$$THM_ISAv4$P$D$K$B$S$PE$A:L22UL41UL21$X:L11$S22US41US21$IEEE1$IW$USESV6$~STKCKD$USESV7$~SHL$OSPACE$EBA8$MICROLIB$REQ8$PRES8$EABIv2 0x00000000   Number         0  anon$$obj.o ABSOLUTE
    __ARM_use_no_argv                        0x00000000   Number         0  main.o ABSOLUTE
    __cpp_initialize__aeabi_                  - Undefined Weak Reference
    __cxa_finalize                            - Undefined Weak Reference
    __decompress                              - Undefined Weak Reference
    _clock_init                               - Undefined Weak Reference
    _microlib_exit                            - Undefined Weak Reference
    __Vectors_Size                           0x000000ec   Number         0  startup_stm32f103xb.o ABSOLUTE
    __Vectors                                0x08000000   Data           4  startup_stm32f103xb.o(RESET)
    __Vectors_End                            0x080000ec   Data           0  startup_stm32f103xb.o(RESET)
    __main                                   0x080000ed   Thumb Code     0  entry.o(.ARM.Collect$$$$00000000)
    _main_stk                                0x080000ed   Thumb Code     0  entry2.o(.ARM.Collect$$$$00000001)
    _main_scatterload                        0x080000f1   Thumb Code     0  entry5.o(.ARM.Collect$$$$00000004)
    __main_after_scatterload                 0x080000f5   Thumb Code     0  entry5.o(.ARM.Collect$$$$00000004)
    _main_clock                              0x080000f5   Thumb Code     0  entry7b.o(.ARM.Collect$$$$00000008)
    _main_cpp_init                           0x080000f5   Thumb Code     0  entry8b.o(.ARM.Collect$$$$0000000A)
    _main_init                               0x080000f5   Thumb Code     0  entry9a.o(.ARM.Collect$$$$0000000B)
    __rt_final_cpp                           0x080000fd   Thumb Code     0  entry10a.o(.ARM.Collect$$$$0000000D)
    __rt_final_exit                          0x080000fd   Thumb Code     0  entry11a.o(.ARM.Collect$$$$0000000F)
    Reset_Handler                            0x08000101   Thumb Code     8  startup_stm32f103xb.o(.text)
    ADC1_2_IRQHandler                        0x0800011b   Thumb Code     0  startup_stm32f103xb.o(.text)
    CAN1_RX1_IRQHandler                      0x0800011b   Thumb Code     0  startup_stm32f103xb.o(.text)
    CAN1_SCE_IRQHandler                      0x0800011b   Thumb Code     0  startup_stm32f103xb.o(.text)
    DMA1_Channel1_IRQHandler                 0x0800011b   Thumb Code     0  startup_stm32f103xb.o(.text)
    DMA1_Channel2_IRQHandler                 0x0800011b   Thumb Code     0  startup_stm32f103xb.o(.text)
    DMA1_Channel3_IRQHandler                 0x0800011b   Thumb Code     0  startup_stm32f103xb.o(.text)
    DMA1_Channel4_IRQHandler                 0x0800011b   Thumb Code     0  startup_stm32f103xb.o(.text)
    DMA1_Channel5_IRQHandler                 0x0800011b   Thumb Code     0  startup_stm32f103xb.o(.text)
    DMA1_Channel6_IRQHandler                 0x0800011b   Thumb Code     0  startup_stm32f103xb.o(.text)
    DMA1_Channel7_IRQHandler                 0x0800011b   Thumb Code     0  startup_stm32f103xb.o(.text)
    EXTI0_IRQHandler                         0x0800011b   Thumb Code     0  startup_stm32f103xb.o(.text)
    EXTI3_IRQHandler                         0x0800011b   Thumb Code     0  startup_stm32f103xb.o(.text)
    EXTI4_IRQHandler                         0x0800011b   Thumb Code     0  startup_stm32f103xb.o(.text)
    EXTI9_5_IRQHandler                       0x0800011b   Thumb Code     0  startup_stm32f103xb.o(.text)
    FLASH_IRQHandler                         0x0800011b   Thumb Code     0  startup_stm32f103xb.o(.text)
    I2C1_ER_IRQHandler                       0x0800011b   Thumb Code     0  startup_stm32f103xb.o(.text)
    I2C1_EV_IRQHandler                       0x0800011b   Thumb Code     0  startup_stm32f103xb.o(.text)
    I2C2_ER_IRQHandler                       0x0800011b   Thumb Code     0  startup_stm32f103xb.o(.text)
    I2C2_EV_IRQHandler                       0x0800011b   Thumb Code     0  startup_stm32f103xb.o(.text)
    PVD_IRQHandler                           0x0800011b   Thumb Code     0  startup_stm32f103xb.o(.text)
    RCC_IRQHandler                           0x0800011b   Thumb Code     0  startup_stm32f103xb.o(.text)
    RTC_Alarm_IRQHandler                     0x0800011b   Thumb Code     0  startup_stm32f103xb.o(.text)
    RTC_IRQHandler                           0x0800011b   Thumb Code     0  startup_stm32f103xb.o(.text)
    SPI1_IRQHandler                          0x0800011b   Thumb Code     0  startup_stm32f103xb.o(.text)
    SPI2_IRQHandler                          0x0800011b   Thumb Code     0  startup_stm32f103xb.o(.text)
    TAMPER_IRQHandler                        0x0800011b   Thumb Code     0  startup_stm32f103xb.o(.text)
    TIM1_BRK_IRQHandler                      0x0800011b   Thumb Code     0  startup_stm32f103xb.o(.text)
    TIM1_TRG_COM_IRQHandler                  0x0800011b   Thumb Code     0  startup_stm32f103xb.o(.text)
    TIM1_UP_IRQHandler                       0x0800011b   Thumb Code     0  startup_stm32f103xb.o(.text)
    TIM3_IRQHandler                          0x0800011b   Thumb Code     0  startup_stm32f103xb.o(.text)
    TIM4_IRQHandler                          0x0800011b   Thumb Code     0  startup_stm32f103xb.o(.text)
    USART1_IRQHandler                        0x0800011b   Thumb Code     0  startup_stm32f103xb.o(.text)
    USART2_IRQHandler                        0x0800011b   Thumb Code     0  startup_stm32f103xb.o(.text)
    USART3_IRQHandler                        0x0800011b   Thumb Code     0  startup_stm32f103xb.o(.text)
    USBWakeUp_IRQHandler                     0x0800011b   Thumb Code     0  startup_stm32f103xb.o(.text)
    USB_HP_CAN1_TX_IRQHandler                0x0800011b   Thumb Code     0  startup_stm32f103xb.o(.text)
    USB_LP_CAN1_RX0_IRQHandler               0x0800011b   Thumb Code     0  startup_stm32f103xb.o(.text)
    WWDG_IRQHandler                          0x0800011b   Thumb Code     0  startup_stm32f103xb.o(.text)
    __aeabi_memset                           0x08000125   Thumb Code    14  memseta.o(.text)
    __aeabi_memset4                          0x08000125   Thumb Code     0  memseta.o(.text)
    __aeabi_memset8                          0x08000125   Thumb Code     0  memseta.o(.text)
    __aeabi_memclr                           0x08000133   Thumb Code     4  memseta.o(.text)
    __aeabi_memclr4                          0x08000133   Thumb Code     0  memseta.o(.text)
    __aeabi_memclr8                          0x08000133   Thumb Code     0  memseta.o(.text)
    _memset$wrapper                          0x08000137   Thumb Code    18  memseta.o(.text)
    strlen                                   0x08000149   Thumb Code    14  strlen.o(.text)
    __scatterload                            0x08000159   Thumb Code    28  init.o(.text)
    __scatterload_rt2                        0x08000159   Thumb Code     0  init.o(.text)
    BusFault_Handler                         0x0800017d   Thumb Code     2  stm32f1xx_it.o(i.BusFault_Handler)
    DebugMon_Handler                         0x0800017f   Thumb Code     2  stm32f1xx_it.o(i.DebugMon_Handler)
    EXTI15_10_IRQHandler                     0x08000181   Thumb Code    22  stm32f1xx_it.o(i.EXTI15_10_IRQHandler)
    EXTI1_IRQHandler                         0x08000197   Thumb Code     6  stm32f1xx_it.o(i.EXTI1_IRQHandler)
    EXTI2_IRQHandler                         0x0800019d   Thumb Code     6  stm32f1xx_it.o(i.EXTI2_IRQHandler)
    HAL_Delay                                0x080001a5   Thumb Code    32  stm32f1xx_hal.o(i.HAL_Delay)
    HAL_GPIO_EXTI_Callback                   0x080001c9   Thumb Code   192  main.o(i.HAL_GPIO_EXTI_Callback)
    HAL_GPIO_EXTI_IRQHandler                 0x0800029d   Thumb Code    18  stm32f1xx_hal_gpio.o(i.HAL_GPIO_EXTI_IRQHandler)
    HAL_GPIO_Init                            0x080002b5   Thumb Code   446  stm32f1xx_hal_gpio.o(i.HAL_GPIO_Init)
    HAL_GPIO_ReadPin                         0x08000495   Thumb Code    10  stm32f1xx_hal_gpio.o(i.HAL_GPIO_ReadPin)
    HAL_GPIO_WritePin                        0x0800049f   Thumb Code    10  stm32f1xx_hal_gpio.o(i.HAL_GPIO_WritePin)
    HAL_GetTick                              0x080004a9   Thumb Code     6  stm32f1xx_hal.o(i.HAL_GetTick)
    HAL_I2C_Init                             0x080004b5   Thumb Code   356  stm32f1xx_hal_i2c.o(i.HAL_I2C_Init)
    HAL_I2C_Mem_Write                        0x08000629   Thumb Code   294  stm32f1xx_hal_i2c.o(i.HAL_I2C_Mem_Write)
    HAL_I2C_MspInit                          0x08000759   Thumb Code    96  stm32f1xx_hal_msp.o(i.HAL_I2C_MspInit)
    HAL_IncTick                              0x080007c9   Thumb Code    12  stm32f1xx_hal.o(i.HAL_IncTick)
    HAL_Init                                 0x080007d9   Thumb Code    32  stm32f1xx_hal.o(i.HAL_Init)
    HAL_InitTick                             0x080007fd   Thumb Code    54  stm32f1xx_hal.o(i.HAL_InitTick)
    HAL_MspInit                              0x0800083d   Thumb Code    52  stm32f1xx_hal_msp.o(i.HAL_MspInit)
    HAL_NVIC_EnableIRQ                       0x08000879   Thumb Code    26  stm32f1xx_hal_cortex.o(i.HAL_NVIC_EnableIRQ)
    HAL_NVIC_SetPriority                     0x08000895   Thumb Code    60  stm32f1xx_hal_cortex.o(i.HAL_NVIC_SetPriority)
    HAL_NVIC_SetPriorityGrouping             0x080008d5   Thumb Code    26  stm32f1xx_hal_cortex.o(i.HAL_NVIC_SetPriorityGrouping)
    HAL_RCC_ClockConfig                      0x080008f9   Thumb Code   280  stm32f1xx_hal_rcc.o(i.HAL_RCC_ClockConfig)
    HAL_RCC_GetPCLK1Freq                     0x08000a25   Thumb Code    20  stm32f1xx_hal_rcc.o(i.HAL_RCC_GetPCLK1Freq)
    HAL_RCC_GetSysClockFreq                  0x08000a45   Thumb Code    74  stm32f1xx_hal_rcc.o(i.HAL_RCC_GetSysClockFreq)
    HAL_RCC_OscConfig                        0x08000ab1   Thumb Code   778  stm32f1xx_hal_rcc.o(i.HAL_RCC_OscConfig)
    HAL_SYSTICK_Config                       0x08000dd1   Thumb Code    40  stm32f1xx_hal_cortex.o(i.HAL_SYSTICK_Config)
    HAL_TIMEx_BreakCallback                  0x08000df9   Thumb Code     2  stm32f1xx_hal_tim_ex.o(i.HAL_TIMEx_BreakCallback)
    HAL_TIMEx_CommutCallback                 0x08000dfb   Thumb Code     2  stm32f1xx_hal_tim_ex.o(i.HAL_TIMEx_CommutCallback)
    HAL_TIMEx_ConfigBreakDeadTime            0x08000dfd   Thumb Code    84  stm32f1xx_hal_tim_ex.o(i.HAL_TIMEx_ConfigBreakDeadTime)
    HAL_TIMEx_MasterConfigSynchronization    0x08000e51   Thumb Code    66  stm32f1xx_hal_tim_ex.o(i.HAL_TIMEx_MasterConfigSynchronization)
    HAL_TIM_Base_Init                        0x08000e93   Thumb Code    54  stm32f1xx_hal_tim.o(i.HAL_TIM_Base_Init)
    HAL_TIM_Base_MspInit                     0x08000ec9   Thumb Code    86  stm32f1xx_hal_msp.o(i.HAL_TIM_Base_MspInit)
    HAL_TIM_Base_Start_IT                    0x08000f29   Thumb Code    34  stm32f1xx_hal_tim.o(i.HAL_TIM_Base_Start_IT)
    HAL_TIM_ConfigClockSource                0x08000f4b   Thumb Code   214  stm32f1xx_hal_tim.o(i.HAL_TIM_ConfigClockSource)
    HAL_TIM_IC_CaptureCallback               0x08001021   Thumb Code     2  stm32f1xx_hal_tim.o(i.HAL_TIM_IC_CaptureCallback)
    HAL_TIM_IRQHandler                       0x08001023   Thumb Code   358  stm32f1xx_hal_tim.o(i.HAL_TIM_IRQHandler)
    HAL_TIM_OC_ConfigChannel                 0x08001189   Thumb Code    86  stm32f1xx_hal_tim.o(i.HAL_TIM_OC_ConfigChannel)
    HAL_TIM_OC_DelayElapsedCallback          0x080011e1   Thumb Code    20  main.o(i.HAL_TIM_OC_DelayElapsedCallback)
    HAL_TIM_OC_Init                          0x080011fd   Thumb Code    54  stm32f1xx_hal_tim.o(i.HAL_TIM_OC_Init)
    HAL_TIM_OC_MspInit                       0x08001233   Thumb Code     2  stm32f1xx_hal_tim.o(i.HAL_TIM_OC_MspInit)
    HAL_TIM_OC_Start_IT                      0x08001235   Thumb Code   102  stm32f1xx_hal_tim.o(i.HAL_TIM_OC_Start_IT)
    HAL_TIM_OnePulse_Init                    0x080012a1   Thumb Code    74  stm32f1xx_hal_tim.o(i.HAL_TIM_OnePulse_Init)
    HAL_TIM_OnePulse_MspInit                 0x080012eb   Thumb Code     2  stm32f1xx_hal_tim.o(i.HAL_TIM_OnePulse_MspInit)
    HAL_TIM_PWM_PulseFinishedCallback        0x080012ed   Thumb Code     2  stm32f1xx_hal_tim.o(i.HAL_TIM_PWM_PulseFinishedCallback)
    HAL_TIM_PeriodElapsedCallback            0x080012f1   Thumb Code    34  main.o(i.HAL_TIM_PeriodElapsedCallback)
    HAL_TIM_TriggerCallback                  0x08001319   Thumb Code     2  stm32f1xx_hal_tim.o(i.HAL_TIM_TriggerCallback)
    HardFault_Handler                        0x0800131b   Thumb Code     2  stm32f1xx_it.o(i.HardFault_Handler)
    MemManage_Handler                        0x08001775   Thumb Code     2  stm32f1xx_it.o(i.MemManage_Handler)
    NMI_Handler                              0x08001777   Thumb Code     2  stm32f1xx_it.o(i.NMI_Handler)
    PendSV_Handler                           0x08001779   Thumb Code     2  stm32f1xx_it.o(i.PendSV_Handler)
    SVC_Handler                              0x0800177b   Thumb Code     2  stm32f1xx_it.o(i.SVC_Handler)
    SysTick_Handler                          0x0800177d   Thumb Code     4  stm32f1xx_it.o(i.SysTick_Handler)
    SystemClock_Config                       0x08001781   Thumb Code    66  main.o(i.SystemClock_Config)
    SystemInit                               0x080017c5   Thumb Code    56  system_stm32f1xx.o(i.SystemInit)
    TIM1_CC_IRQHandler                       0x0800180d   Thumb Code     6  stm32f1xx_it.o(i.TIM1_CC_IRQHandler)
    TIM2_IRQHandler                          0x08001819   Thumb Code     6  stm32f1xx_it.o(i.TIM2_IRQHandler)
    TIM_Base_SetConfig                       0x08001825   Thumb Code    94  stm32f1xx_hal_tim.o(i.TIM_Base_SetConfig)
    TIM_CCxChannelCmd                        0x08001891   Thumb Code    26  stm32f1xx_hal_tim.o(i.TIM_CCxChannelCmd)
    TIM_ETR_SetConfig                        0x080018ab   Thumb Code    20  stm32f1xx_hal_tim.o(i.TIM_ETR_SetConfig)
    TIM_OC2_SetConfig                        0x08001921   Thumb Code    84  stm32f1xx_hal_tim.o(i.TIM_OC2_SetConfig)
    UsageFault_Handler                       0x08001a5b   Thumb Code     2  stm32f1xx_it.o(i.UsageFault_Handler)
    __scatterload_copy                       0x08001a7d   Thumb Code    14  handlers.o(i.__scatterload_copy)
    __scatterload_null                       0x08001a8b   Thumb Code     2  handlers.o(i.__scatterload_null)
    __scatterload_zeroinit                   0x08001a8d   Thumb Code    14  handlers.o(i.__scatterload_zeroinit)
    display_update                           0x08001a9d   Thumb Code   380  main.o(i.display_update)
    itoa                                     0x08001c4d   Thumb Code    56  main.o(i.itoa)
    main                                     0x08001c85   Thumb Code    78  main.o(i.main)
    reverse                                  0x08001ce1   Thumb Code    32  main.o(i.reverse)
    ssd1306_DrawPixel                        0x08001d01   Thumb Code    54  ssd1306.o(i.ssd1306_DrawPixel)
    ssd1306_Fill                             0x08001d41   Thumb Code    28  ssd1306.o(i.ssd1306_Fill)
    ssd1306_Init                             0x08001d61   Thumb Code   202  ssd1306.o(i.ssd1306_Init)
    ssd1306_SetCursor                        0x08001e31   Thumb Code     8  ssd1306.o(i.ssd1306_SetCursor)
    ssd1306_UpdateScreen                     0x08001e3d   Thumb Code    66  ssd1306.o(i.ssd1306_UpdateScreen)
    ssd1306_WriteChar                        0x08001e89   Thumb Code   150  ssd1306.o(i.ssd1306_WriteChar)
    ssd1306_WriteString                      0x08001f49   Thumb Code    44  ssd1306.o(i.ssd1306_WriteString)
    AHBPrescTable                            0x080026e0   Data          16  system_stm32f1xx.o(.constdata)
    APBPrescTable                            0x080026f0   Data           8  system_stm32f1xx.o(.constdata)
    Region$$Table$$Base                      0x080026f8   Number         0  anon$$obj.o(Region$$Table)
    Region$$Table$$Limit                     0x08002718   Number         0  anon$$obj.o(Region$$Table)
    zero_detect_flag                         0x20000000   Data           4  main.o(.data)
    zero_detect_flag_status                  0x20000004   Data           4  main.o(.data)
    encoder_A                                0x20000008   Data           4  main.o(.data)
    display_change_flag                      0x2000000c   Data           4  main.o(.data)
    select_value_by_encoder                  0x20000010   Data           4  main.o(.data)
    fire_flag                                0x20000014   Data           4  main.o(.data)
    duty_cycle                               0x20000018   Data           4  main.o(.data)
    duration                                 0x2000001c   Data           4  main.o(.data)
    Font_7x10                                0x20000020   Data           8  fonts.o(.data)
    uwTickFreq                               0x20000030   Data           1  stm32f1xx_hal.o(.data)
    uwTickPrio                               0x20000034   Data           4  stm32f1xx_hal.o(.data)
    uwTick                                   0x20000038   Data           4  stm32f1xx_hal.o(.data)
    SystemCoreClock                          0x2000003c   Data           4  system_stm32f1xx.o(.data)
    hi2c1                                    0x20000040   Data          84  main.o(.bss)
    htim1                                    0x20000094   Data          64  main.o(.bss)
    htim2                                    0x200000d4   Data          64  main.o(.bss)
    str                                      0x20000114   Data          10  main.o(.bss)
    str2                                     0x2000011e   Data          10  main.o(.bss)
    __initial_sp                             0x20000728   Data           0  startup_stm32f103xb.o(STACK)



==============================================================================

Memory Map of the image

  Image Entry point : 0x080000ed

  Load Region LR_IROM1 (Base: 0x08000000, Size: 0x00002758, Max: 0x00010000, ABSOLUTE)

    Execution Region ER_IROM1 (Exec base: 0x08000000, Load base: 0x08000000, Size: 0x00002718, Max: 0x00010000, ABSOLUTE)

    Exec Addr    Load Addr    Size         Type   Attr      Idx    E Section Name        Object

    0x08000000   0x08000000   0x000000ec   Data   RO            3    RESET               startup_stm32f103xb.o
    0x080000ec   0x080000ec   0x00000000   Code   RO         2854  * .ARM.Collect$$$$00000000  mc_w.l(entry.o)
    0x080000ec   0x080000ec   0x00000004   Code   RO         2863    .ARM.Collect$$$$00000001  mc_w.l(entry2.o)
    0x080000f0   0x080000f0   0x00000004   Code   RO         2866    .ARM.Collect$$$$00000004  mc_w.l(entry5.o)
    0x080000f4   0x080000f4   0x00000000   Code   RO         2868    .ARM.Collect$$$$00000008  mc_w.l(entry7b.o)
    0x080000f4   0x080000f4   0x00000000   Code   RO         2870    .ARM.Collect$$$$0000000A  mc_w.l(entry8b.o)
    0x080000f4   0x080000f4   0x00000008   Code   RO         2871    .ARM.Collect$$$$0000000B  mc_w.l(entry9a.o)
    0x080000fc   0x080000fc   0x00000000   Code   RO         2873    .ARM.Collect$$$$0000000D  mc_w.l(entry10a.o)
    0x080000fc   0x080000fc   0x00000000   Code   RO         2875    .ARM.Collect$$$$0000000F  mc_w.l(entry11a.o)
    0x080000fc   0x080000fc   0x00000004   Code   RO         2864    .ARM.Collect$$$$00002712  mc_w.l(entry2.o)
    0x08000100   0x08000100   0x00000024   Code   RO            4    .text               startup_stm32f103xb.o
    0x08000124   0x08000124   0x00000024   Code   RO         2859    .text               mc_w.l(memseta.o)
    0x08000148   0x08000148   0x0000000e   Code   RO         2861    .text               mc_w.l(strlen.o)
    0x08000156   0x08000156   0x00000002   PAD
    0x08000158   0x08000158   0x00000024   Code   RO         2877    .text               mc_w.l(init.o)
    0x0800017c   0x0800017c   0x00000002   Code   RO          199    i.BusFault_Handler  stm32f1xx_it.o
    0x0800017e   0x0800017e   0x00000002   Code   RO          200    i.DebugMon_Handler  stm32f1xx_it.o
    0x08000180   0x08000180   0x00000016   Code   RO          201    i.EXTI15_10_IRQHandler  stm32f1xx_it.o
    0x08000196   0x08000196   0x00000006   Code   RO          202    i.EXTI1_IRQHandler  stm32f1xx_it.o
    0x0800019c   0x0800019c   0x00000006   Code   RO          203    i.EXTI2_IRQHandler  stm32f1xx_it.o
    0x080001a2   0x080001a2   0x00000002   PAD
    0x080001a4   0x080001a4   0x00000024   Code   RO          923    i.HAL_Delay         stm32f1xx_hal.o
    0x080001c8   0x080001c8   0x000000d4   Code   RO           14    i.HAL_GPIO_EXTI_Callback  main.o
    0x0800029c   0x0800029c   0x00000018   Code   RO         1230    i.HAL_GPIO_EXTI_IRQHandler  stm32f1xx_hal_gpio.o
    0x080002b4   0x080002b4   0x000001e0   Code   RO         1231    i.HAL_GPIO_Init     stm32f1xx_hal_gpio.o
    0x08000494   0x08000494   0x0000000a   Code   RO         1233    i.HAL_GPIO_ReadPin  stm32f1xx_hal_gpio.o
    0x0800049e   0x0800049e   0x0000000a   Code   RO         1235    i.HAL_GPIO_WritePin  stm32f1xx_hal_gpio.o
    0x080004a8   0x080004a8   0x0000000c   Code   RO          927    i.HAL_GetTick       stm32f1xx_hal.o
    0x080004b4   0x080004b4   0x00000174   Code   RO          505    i.HAL_I2C_Init      stm32f1xx_hal_i2c.o
    0x08000628   0x08000628   0x00000130   Code   RO          526    i.HAL_I2C_Mem_Write  stm32f1xx_hal_i2c.o
    0x08000758   0x08000758   0x00000070   Code   RO          306    i.HAL_I2C_MspInit   stm32f1xx_hal_msp.o
    0x080007c8   0x080007c8   0x00000010   Code   RO          933    i.HAL_IncTick       stm32f1xx_hal.o
    0x080007d8   0x080007d8   0x00000024   Code   RO          934    i.HAL_Init          stm32f1xx_hal.o
    0x080007fc   0x080007fc   0x00000040   Code   RO          935    i.HAL_InitTick      stm32f1xx_hal.o
    0x0800083c   0x0800083c   0x0000003c   Code   RO          307    i.HAL_MspInit       stm32f1xx_hal_msp.o
    0x08000878   0x08000878   0x0000001a   Code   RO         1391    i.HAL_NVIC_EnableIRQ  stm32f1xx_hal_cortex.o
    0x08000892   0x08000892   0x00000002   PAD
    0x08000894   0x08000894   0x00000040   Code   RO         1397    i.HAL_NVIC_SetPriority  stm32f1xx_hal_cortex.o
    0x080008d4   0x080008d4   0x00000024   Code   RO         1398    i.HAL_NVIC_SetPriorityGrouping  stm32f1xx_hal_cortex.o
    0x080008f8   0x080008f8   0x0000012c   Code   RO         1091    i.HAL_RCC_ClockConfig  stm32f1xx_hal_rcc.o
    0x08000a24   0x08000a24   0x00000020   Code   RO         1098    i.HAL_RCC_GetPCLK1Freq  stm32f1xx_hal_rcc.o
    0x08000a44   0x08000a44   0x0000006c   Code   RO         1100    i.HAL_RCC_GetSysClockFreq  stm32f1xx_hal_rcc.o
    0x08000ab0   0x08000ab0   0x00000320   Code   RO         1103    i.HAL_RCC_OscConfig  stm32f1xx_hal_rcc.o
    0x08000dd0   0x08000dd0   0x00000028   Code   RO         1402    i.HAL_SYSTICK_Config  stm32f1xx_hal_cortex.o
    0x08000df8   0x08000df8   0x00000002   Code   RO         2568    i.HAL_TIMEx_BreakCallback  stm32f1xx_hal_tim_ex.o
    0x08000dfa   0x08000dfa   0x00000002   Code   RO         2569    i.HAL_TIMEx_CommutCallback  stm32f1xx_hal_tim_ex.o
    0x08000dfc   0x08000dfc   0x00000054   Code   RO         2571    i.HAL_TIMEx_ConfigBreakDeadTime  stm32f1xx_hal_tim_ex.o
    0x08000e50   0x08000e50   0x00000042   Code   RO         2586    i.HAL_TIMEx_MasterConfigSynchronization  stm32f1xx_hal_tim_ex.o
    0x08000e92   0x08000e92   0x00000036   Code   RO         1893    i.HAL_TIM_Base_Init  stm32f1xx_hal_tim.o
    0x08000ec8   0x08000ec8   0x00000060   Code   RO          309    i.HAL_TIM_Base_MspInit  stm32f1xx_hal_msp.o
    0x08000f28   0x08000f28   0x00000022   Code   RO         1898    i.HAL_TIM_Base_Start_IT  stm32f1xx_hal_tim.o
    0x08000f4a   0x08000f4a   0x000000d6   Code   RO         1902    i.HAL_TIM_ConfigClockSource  stm32f1xx_hal_tim.o
    0x08001020   0x08001020   0x00000002   Code   RO         1922    i.HAL_TIM_IC_CaptureCallback  stm32f1xx_hal_tim.o
    0x08001022   0x08001022   0x00000166   Code   RO         1936    i.HAL_TIM_IRQHandler  stm32f1xx_hal_tim.o
    0x08001188   0x08001188   0x00000056   Code   RO         1937    i.HAL_TIM_OC_ConfigChannel  stm32f1xx_hal_tim.o
    0x080011de   0x080011de   0x00000002   PAD
    0x080011e0   0x080011e0   0x0000001c   Code   RO           15    i.HAL_TIM_OC_DelayElapsedCallback  main.o
    0x080011fc   0x080011fc   0x00000036   Code   RO         1941    i.HAL_TIM_OC_Init   stm32f1xx_hal_tim.o
    0x08001232   0x08001232   0x00000002   Code   RO         1943    i.HAL_TIM_OC_MspInit  stm32f1xx_hal_tim.o
    0x08001234   0x08001234   0x0000006c   Code   RO         1946    i.HAL_TIM_OC_Start_IT  stm32f1xx_hal_tim.o
    0x080012a0   0x080012a0   0x0000004a   Code   RO         1953    i.HAL_TIM_OnePulse_Init  stm32f1xx_hal_tim.o
    0x080012ea   0x080012ea   0x00000002   Code   RO         1955    i.HAL_TIM_OnePulse_MspInit  stm32f1xx_hal_tim.o
    0x080012ec   0x080012ec   0x00000002   Code   RO         1966    i.HAL_TIM_PWM_PulseFinishedCallback  stm32f1xx_hal_tim.o
    0x080012ee   0x080012ee   0x00000002   PAD
    0x080012f0   0x080012f0   0x00000028   Code   RO           16    i.HAL_TIM_PeriodElapsedCallback  main.o
    0x08001318   0x08001318   0x00000002   Code   RO         1979    i.HAL_TIM_TriggerCallback  stm32f1xx_hal_tim.o
    0x0800131a   0x0800131a   0x00000002   Code   RO          204    i.HardFault_Handler  stm32f1xx_it.o
    0x0800131c   0x0800131c   0x0000002e   Code   RO          547    i.I2C_IsAcknowledgeFailed  stm32f1xx_hal_i2c.o
    0x0800134a   0x0800134a   0x00000002   PAD
    0x0800134c   0x0800134c   0x00000094   Code   RO          557    i.I2C_RequestMemoryWrite  stm32f1xx_hal_i2c.o
    0x080013e0   0x080013e0   0x0000004c   Code   RO          560    i.I2C_WaitOnBTFFlagUntilTimeout  stm32f1xx_hal_i2c.o
    0x0800142c   0x0800142c   0x00000068   Code   RO          561    i.I2C_WaitOnFlagUntilTimeout  stm32f1xx_hal_i2c.o
    0x08001494   0x08001494   0x00000096   Code   RO          562    i.I2C_WaitOnMasterAddressFlagUntilTimeout  stm32f1xx_hal_i2c.o
    0x0800152a   0x0800152a   0x0000004c   Code   RO          564    i.I2C_WaitOnTXEFlagUntilTimeout  stm32f1xx_hal_i2c.o
    0x08001576   0x08001576   0x00000002   PAD
    0x08001578   0x08001578   0x00000104   Code   RO           17    i.MX_GPIO_Init      main.o
    0x0800167c   0x0800167c   0x000000a8   Code   RO           18    i.MX_TIM1_Init      main.o
    0x08001724   0x08001724   0x00000050   Code   RO           19    i.MX_TIM2_Init      main.o
    0x08001774   0x08001774   0x00000002   Code   RO          205    i.MemManage_Handler  stm32f1xx_it.o
    0x08001776   0x08001776   0x00000002   Code   RO          206    i.NMI_Handler       stm32f1xx_it.o
    0x08001778   0x08001778   0x00000002   Code   RO          207    i.PendSV_Handler    stm32f1xx_it.o
    0x0800177a   0x0800177a   0x00000002   Code   RO          208    i.SVC_Handler       stm32f1xx_it.o
    0x0800177c   0x0800177c   0x00000004   Code   RO          209    i.SysTick_Handler   stm32f1xx_it.o
    0x08001780   0x08001780   0x00000042   Code   RO           20    i.SystemClock_Config  main.o
    0x080017c2   0x080017c2   0x00000002   PAD
    0x080017c4   0x080017c4   0x00000048   Code   RO         2820    i.SystemInit        system_stm32f1xx.o
    0x0800180c   0x0800180c   0x0000000c   Code   RO          210    i.TIM1_CC_IRQHandler  stm32f1xx_it.o
    0x08001818   0x08001818   0x0000000c   Code   RO          211    i.TIM2_IRQHandler   stm32f1xx_it.o
    0x08001824   0x08001824   0x0000006c   Code   RO         1981    i.TIM_Base_SetConfig  stm32f1xx_hal_tim.o
    0x08001890   0x08001890   0x0000001a   Code   RO         1982    i.TIM_CCxChannelCmd  stm32f1xx_hal_tim.o
    0x080018aa   0x080018aa   0x00000014   Code   RO         1992    i.TIM_ETR_SetConfig  stm32f1xx_hal_tim.o
    0x080018be   0x080018be   0x00000010   Code   RO         1993    i.TIM_ITRx_SetConfig  stm32f1xx_hal_tim.o
    0x080018ce   0x080018ce   0x00000002   PAD
    0x080018d0   0x080018d0   0x00000050   Code   RO         1994    i.TIM_OC1_SetConfig  stm32f1xx_hal_tim.o
    0x08001920   0x08001920   0x00000058   Code   RO         1995    i.TIM_OC2_SetConfig  stm32f1xx_hal_tim.o
    0x08001978   0x08001978   0x00000058   Code   RO         1996    i.TIM_OC3_SetConfig  stm32f1xx_hal_tim.o
    0x080019d0   0x080019d0   0x00000044   Code   RO         1997    i.TIM_OC4_SetConfig  stm32f1xx_hal_tim.o
    0x08001a14   0x08001a14   0x00000022   Code   RO         1999    i.TIM_TI1_ConfigInputStage  stm32f1xx_hal_tim.o
    0x08001a36   0x08001a36   0x00000024   Code   RO         2001    i.TIM_TI2_ConfigInputStage  stm32f1xx_hal_tim.o
    0x08001a5a   0x08001a5a   0x00000002   Code   RO          212    i.UsageFault_Handler  stm32f1xx_it.o
    0x08001a5c   0x08001a5c   0x00000020   Code   RO         1404    i.__NVIC_SetPriority  stm32f1xx_hal_cortex.o
    0x08001a7c   0x08001a7c   0x0000000e   Code   RO         2881    i.__scatterload_copy  mc_w.l(handlers.o)
    0x08001a8a   0x08001a8a   0x00000002   Code   RO         2882    i.__scatterload_null  mc_w.l(handlers.o)
    0x08001a8c   0x08001a8c   0x0000000e   Code   RO         2883    i.__scatterload_zeroinit  mc_w.l(handlers.o)
    0x08001a9a   0x08001a9a   0x00000002   PAD
    0x08001a9c   0x08001a9c   0x000001b0   Code   RO           21    i.display_update    main.o
    0x08001c4c   0x08001c4c   0x00000038   Code   RO           22    i.itoa              main.o
    0x08001c84   0x08001c84   0x0000005c   Code   RO           23    i.main              main.o
    0x08001ce0   0x08001ce0   0x00000020   Code   RO           24    i.reverse           main.o
    0x08001d00   0x08001d00   0x00000040   Code   RO          382    i.ssd1306_DrawPixel  ssd1306.o
    0x08001d40   0x08001d40   0x00000020   Code   RO          383    i.ssd1306_Fill      ssd1306.o
    0x08001d60   0x08001d60   0x000000d0   Code   RO          384    i.ssd1306_Init      ssd1306.o
    0x08001e30   0x08001e30   0x0000000c   Code   RO          385    i.ssd1306_SetCursor  ssd1306.o
    0x08001e3c   0x08001e3c   0x0000004c   Code   RO          386    i.ssd1306_UpdateScreen  ssd1306.o
    0x08001e88   0x08001e88   0x0000009c   Code   RO          387    i.ssd1306_WriteChar  ssd1306.o
    0x08001f24   0x08001f24   0x00000024   Code   RO          388    i.ssd1306_WriteCommand  ssd1306.o
    0x08001f48   0x08001f48   0x0000002c   Code   RO          389    i.ssd1306_WriteString  ssd1306.o
    0x08001f74   0x08001f74   0x0000076c   Data   RO          353    .constdata          fonts.o
    0x080026e0   0x080026e0   0x00000010   Data   RO         2821    .constdata          system_stm32f1xx.o
    0x080026f0   0x080026f0   0x00000008   Data   RO         2822    .constdata          system_stm32f1xx.o
    0x080026f8   0x080026f8   0x00000020   Data   RO         2879    Region$$Table       anon$$obj.o


    Execution Region RW_IRAM1 (Exec base: 0x20000000, Load base: 0x08002718, Size: 0x00000728, Max: 0x00005000, ABSOLUTE)

    Exec Addr    Load Addr    Size         Type   Attr      Idx    E Section Name        Object

    0x20000000   0x08002718   0x00000020   Data   RW           26    .data               main.o
    0x20000020   0x08002738   0x00000008   Data   RW          356    .data               fonts.o
    0x20000028   0x08002740   0x00000006   Data   RW          391    .data               ssd1306.o
    0x2000002e   0x08002746   0x00000002   PAD
    0x20000030   0x08002748   0x0000000c   Data   RW          941    .data               stm32f1xx_hal.o
    0x2000003c   0x08002754   0x00000004   Data   RW         2823    .data               system_stm32f1xx.o
    0x20000040        -       0x000000e8   Zero   RW           25    .bss                main.o
    0x20000128        -       0x00000200   Zero   RW          390    .bss                ssd1306.o
    0x20000328        -       0x00000400   Zero   RW            1    STACK               startup_stm32f103xb.o


==============================================================================

Image component sizes


      Code (inc. data)   RO Data    RW Data    ZI Data      Debug   Object Name

         0          0       1900          8          0       1050   fonts.o
      1466        136          0         32        232     428151   main.o
       628         46          0          6        512       6489   ssd1306.o
        36          8        236          0       1024        808   startup_stm32f103xb.o
       164         28          0         12          0       5933   stm32f1xx_hal.o
       198         14          0          0          0      28971   stm32f1xx_hal_cortex.o
       524         40          0          0          0       4134   stm32f1xx_hal_gpio.o
      1276         30          0          0          0       9015   stm32f1xx_hal_i2c.o
       268         34          0          0          0       2227   stm32f1xx_hal_msp.o
      1240         88          0          0          0       4653   stm32f1xx_hal_rcc.o
      1556         40          0          0          0      16426   stm32f1xx_hal_tim.o
       154          0          0          0          0       3161   stm32f1xx_hal_tim_ex.o
        78         12          0          0          0       6022   stm32f1xx_it.o
        72         16         24          4          0       1175   system_stm32f1xx.o

    ----------------------------------------------------------------------
      7676        492       2192         64       1768     518215   Object Totals
         0          0         32          0          0          0   (incl. Generated)
        16          0          0          2          0          0   (incl. Padding)

    ----------------------------------------------------------------------

      Code (inc. data)   RO Data    RW Data    ZI Data      Debug   Library Member Name

         0          0          0          0          0          0   entry.o
         0          0          0          0          0          0   entry10a.o
         0          0          0          0          0          0   entry11a.o
         8          4          0          0          0          0   entry2.o
         4          0          0          0          0          0   entry5.o
         0          0          0          0          0          0   entry7b.o
         0          0          0          0          0          0   entry8b.o
         8          4          0          0          0          0   entry9a.o
        30          0          0          0          0          0   handlers.o
        36          8          0          0          0         68   init.o
        36          0          0          0          0        108   memseta.o
        14          0          0          0          0         68   strlen.o

    ----------------------------------------------------------------------
       140         16          0          0          0        244   Library Totals
         4          0          0          0          0          0   (incl. Padding)

    ----------------------------------------------------------------------

      Code (inc. data)   RO Data    RW Data    ZI Data      Debug   Library Name

       136         16          0          0          0        244   mc_w.l

    ----------------------------------------------------------------------
       140         16          0          0          0        244   Library Totals

    ----------------------------------------------------------------------

==============================================================================


      Code (inc. data)   RO Data    RW Data    ZI Data      Debug   

      7816        508       2192         64       1768     514139   Grand Totals
      7816        508       2192         64       1768     514139   ELF Image Totals
      7816        508       2192         64          0          0   ROM Totals

==============================================================================

    Total RO  Size (Code + RO Data)                10008 (   9.77kB)
    Total RW  Size (RW Data + ZI Data)              1832 (   1.79kB)
    Total ROM Size (Code + RO Data + RW Data)      10072 (   9.84kB)

==============================================================================

